Archive member included to satisfy reference by file (symbol)

c:/st/stm32cubeide_1.4.0/stm32cubeide/plugins/com.st.stm32cube.ide.mcu.externaltools.gnu-tools-for-stm32.7-2018-q2-update.win32_1.4.0.202007081208/tools/bin/../lib/gcc/arm-none-eabi/7.3.1/../../../../arm-none-eabi/lib/thumb/v7-m\libc_nano.a(lib_a-errno.o)
                              Core/Src/syscalls.o (__errno)
c:/st/stm32cubeide_1.4.0/stm32cubeide/plugins/com.st.stm32cube.ide.mcu.externaltools.gnu-tools-for-stm32.7-2018-q2-update.win32_1.4.0.202007081208/tools/bin/../lib/gcc/arm-none-eabi/7.3.1/../../../../arm-none-eabi/lib/thumb/v7-m\libc_nano.a(lib_a-exit.o)
                              c:/st/stm32cubeide_1.4.0/stm32cubeide/plugins/com.st.stm32cube.ide.mcu.externaltools.gnu-tools-for-stm32.7-2018-q2-update.win32_1.4.0.202007081208/tools/bin/../lib/gcc/arm-none-eabi/7.3.1/../../../../arm-none-eabi/lib/thumb/v7-m/crt0.o (exit)
c:/st/stm32cubeide_1.4.0/stm32cubeide/plugins/com.st.stm32cube.ide.mcu.externaltools.gnu-tools-for-stm32.7-2018-q2-update.win32_1.4.0.202007081208/tools/bin/../lib/gcc/arm-none-eabi/7.3.1/../../../../arm-none-eabi/lib/thumb/v7-m\libc_nano.a(lib_a-impure.o)
                              c:/st/stm32cubeide_1.4.0/stm32cubeide/plugins/com.st.stm32cube.ide.mcu.externaltools.gnu-tools-for-stm32.7-2018-q2-update.win32_1.4.0.202007081208/tools/bin/../lib/gcc/arm-none-eabi/7.3.1/../../../../arm-none-eabi/lib/thumb/v7-m\libc_nano.a(lib_a-exit.o) (_global_impure_ptr)
c:/st/stm32cubeide_1.4.0/stm32cubeide/plugins/com.st.stm32cube.ide.mcu.externaltools.gnu-tools-for-stm32.7-2018-q2-update.win32_1.4.0.202007081208/tools/bin/../lib/gcc/arm-none-eabi/7.3.1/../../../../arm-none-eabi/lib/thumb/v7-m\libc_nano.a(lib_a-init.o)
                              c:/st/stm32cubeide_1.4.0/stm32cubeide/plugins/com.st.stm32cube.ide.mcu.externaltools.gnu-tools-for-stm32.7-2018-q2-update.win32_1.4.0.202007081208/tools/bin/../lib/gcc/arm-none-eabi/7.3.1/../../../../arm-none-eabi/lib/thumb/v7-m/crt0.o (__libc_init_array)
c:/st/stm32cubeide_1.4.0/stm32cubeide/plugins/com.st.stm32cube.ide.mcu.externaltools.gnu-tools-for-stm32.7-2018-q2-update.win32_1.4.0.202007081208/tools/bin/../lib/gcc/arm-none-eabi/7.3.1/../../../../arm-none-eabi/lib/thumb/v7-m\libc_nano.a(lib_a-memcpy-stub.o)
                              Middlewares/Third_Party/FreeRTOS/Source/CMSIS_RTOS_V2/cmsis_os2.o (memcpy)
c:/st/stm32cubeide_1.4.0/stm32cubeide/plugins/com.st.stm32cube.ide.mcu.externaltools.gnu-tools-for-stm32.7-2018-q2-update.win32_1.4.0.202007081208/tools/bin/../lib/gcc/arm-none-eabi/7.3.1/../../../../arm-none-eabi/lib/thumb/v7-m\libc_nano.a(lib_a-memset.o)
                              c:/st/stm32cubeide_1.4.0/stm32cubeide/plugins/com.st.stm32cube.ide.mcu.externaltools.gnu-tools-for-stm32.7-2018-q2-update.win32_1.4.0.202007081208/tools/bin/../lib/gcc/arm-none-eabi/7.3.1/../../../../arm-none-eabi/lib/thumb/v7-m/crt0.o (memset)

Allocating common symbols
Common symbol       size              file

htim4               0x48              Core/Src/stm32f1xx_hal_timebase_tim.o
rcHandlerTaskHandle
                    0x4               Core/Src/freertos.o
statusLedTaskHandle
                    0x4               Core/Src/freertos.o
rcHandlerTaskControlBlock
                    0x5c              Core/Src/freertos.o
uwTick              0x4               Drivers/STM32F1xx_HAL_Driver/Src/stm32f1xx_hal.o
xQueueRegistry      0x40              Middlewares/Third_Party/FreeRTOS/Source/queue.o
pFlash              0x20              Drivers/STM32F1xx_HAL_Driver/Src/stm32f1xx_hal_flash.o
huart1              0x40              Core/Src/usart.o
rcHandlerTaskBuffer
                    0x200             Core/Src/freertos.o
statusLedTaskBuffer
                    0x200             Core/Src/freertos.o
ibus_str            0x50              Core/Src/freertos.o
statusLedTaskControlBlock
                    0x5c              Core/Src/freertos.o

Discarded input sections

 .text          0x0000000000000000        0x0 c:/st/stm32cubeide_1.4.0/stm32cubeide/plugins/com.st.stm32cube.ide.mcu.externaltools.gnu-tools-for-stm32.7-2018-q2-update.win32_1.4.0.202007081208/tools/bin/../lib/gcc/arm-none-eabi/7.3.1/thumb/v7-m/crti.o
 .data          0x0000000000000000        0x0 c:/st/stm32cubeide_1.4.0/stm32cubeide/plugins/com.st.stm32cube.ide.mcu.externaltools.gnu-tools-for-stm32.7-2018-q2-update.win32_1.4.0.202007081208/tools/bin/../lib/gcc/arm-none-eabi/7.3.1/thumb/v7-m/crti.o
 .bss           0x0000000000000000        0x0 c:/st/stm32cubeide_1.4.0/stm32cubeide/plugins/com.st.stm32cube.ide.mcu.externaltools.gnu-tools-for-stm32.7-2018-q2-update.win32_1.4.0.202007081208/tools/bin/../lib/gcc/arm-none-eabi/7.3.1/thumb/v7-m/crti.o
 .data          0x0000000000000000        0x4 c:/st/stm32cubeide_1.4.0/stm32cubeide/plugins/com.st.stm32cube.ide.mcu.externaltools.gnu-tools-for-stm32.7-2018-q2-update.win32_1.4.0.202007081208/tools/bin/../lib/gcc/arm-none-eabi/7.3.1/thumb/v7-m/crtbegin.o
[...]
Memory Configuration

Name             Origin             Length             Attributes
RAM              0x0000000020000000 0x0000000000005000 xrw
FLASH            0x0000000008000000 0x0000000000010000 xr
*default*        0x0000000000000000 0xffffffffffffffff

Linker script and memory map

LOAD c:/st/stm32cubeide_1.4.0/stm32cubeide/plugins/com.st.stm32cube.ide.mcu.externaltools.gnu-tools-for-stm32.7-2018-q2-update.win32_1.4.0.202007081208/tools/bin/../lib/gcc/arm-none-eabi/7.3.1/thumb/v7-m/crti.o
LOAD c:/st/stm32cubeide_1.4.0/stm32cubeide/plugins/com.st.stm32cube.ide.mcu.externaltools.gnu-tools-for-stm32.7-2018-q2-update.win32_1.4.0.202007081208/tools/bin/../lib/gcc/arm-none-eabi/7.3.1/thumb/v7-m/crtbegin.o
LOAD c:/st/stm32cubeide_1.4.0/stm32cubeide/plugins/com.st.stm32cube.ide.mcu.externaltools.gnu-tools-for-stm32.7-2018-q2-update.win32_1.4.0.202007081208/tools/bin/../lib/gcc/arm-none-eabi/7.3.1/../../../../arm-none-eabi/lib/thumb/v7-m/crt0.o
LOAD Core/Src/freertos.o
LOAD Core/Src/gpio.o
LOAD Core/Src/main.o
LOAD Core/Src/stm32f1xx_hal_msp.o
LOAD Core/Src/stm32f1xx_hal_timebase_tim.o
LOAD Core/Src/stm32f1xx_it.o
LOAD Core/Src/syscalls.o
LOAD Core/Src/sysmem.o
LOAD Core/Src/system_stm32f1xx.o
LOAD Core/Src/usart.o
LOAD Core/Startup/startup_stm32f103c8tx.o
LOAD Drivers/STM32F1xx_HAL_Driver/Src/stm32f1xx_hal.o
LOAD Drivers/STM32F1xx_HAL_Driver/Src/stm32f1xx_hal_cortex.o
LOAD Drivers/STM32F1xx_HAL_Driver/Src/stm32f1xx_hal_dma.o
LOAD Drivers/STM32F1xx_HAL_Driver/Src/stm32f1xx_hal_exti.o
LOAD Drivers/STM32F1xx_HAL_Driver/Src/stm32f1xx_hal_flash.o
LOAD Drivers/STM32F1xx_HAL_Driver/Src/stm32f1xx_hal_flash_ex.o
LOAD Drivers/STM32F1xx_HAL_Driver/Src/stm32f1xx_hal_gpio.o
LOAD Drivers/STM32F1xx_HAL_Driver/Src/stm32f1xx_hal_gpio_ex.o
LOAD Drivers/STM32F1xx_HAL_Driver/Src/stm32f1xx_hal_pwr.o
LOAD Drivers/STM32F1xx_HAL_Driver/Src/stm32f1xx_hal_rcc.o
LOAD Drivers/STM32F1xx_HAL_Driver/Src/stm32f1xx_hal_rcc_ex.o
LOAD Drivers/STM32F1xx_HAL_Driver/Src/stm32f1xx_hal_tim.o
LOAD Drivers/STM32F1xx_HAL_Driver/Src/stm32f1xx_hal_tim_ex.o
LOAD Drivers/STM32F1xx_HAL_Driver/Src/stm32f1xx_hal_uart.o
LOAD Middlewares/Third_Party/FreeRTOS/Source/CMSIS_RTOS_V2/cmsis_os2.o
LOAD Middlewares/Third_Party/FreeRTOS/Source/croutine.o
LOAD Middlewares/Third_Party/FreeRTOS/Source/event_groups.o
LOAD Middlewares/Third_Party/FreeRTOS/Source/list.o
LOAD Middlewares/Third_Party/FreeRTOS/Source/queue.o
LOAD Middlewares/Third_Party/FreeRTOS/Source/stream_buffer.o
LOAD Middlewares/Third_Party/FreeRTOS/Source/tasks.o
LOAD Middlewares/Third_Party/FreeRTOS/Source/timers.o
LOAD Middlewares/Third_Party/FreeRTOS/Source/portable/GCC/ARM_CM3/port.o
LOAD Middlewares/Third_Party/FreeRTOS/Source/portable/MemMang/heap_4.o
START GROUP
LOAD c:/st/stm32cubeide_1.4.0/stm32cubeide/plugins/com.st.stm32cube.ide.mcu.externaltools.gnu-tools-for-stm32.7-2018-q2-update.win32_1.4.0.202007081208/tools/bin/../lib/gcc/arm-none-eabi/7.3.1/../../../../arm-none-eabi/lib/thumb/v7-m\libc_nano.a
LOAD c:/st/stm32cubeide_1.4.0/stm32cubeide/plugins/com.st.stm32cube.ide.mcu.externaltools.gnu-tools-for-stm32.7-2018-q2-update.win32_1.4.0.202007081208/tools/bin/../lib/gcc/arm-none-eabi/7.3.1/../../../../arm-none-eabi/lib/thumb/v7-m\libm.a
END GROUP
START GROUP
LOAD c:/st/stm32cubeide_1.4.0/stm32cubeide/plugins/com.st.stm32cube.ide.mcu.externaltools.gnu-tools-for-stm32.7-2018-q2-update.win32_1.4.0.202007081208/tools/bin/../lib/gcc/arm-none-eabi/7.3.1/thumb/v7-m\libgcc.a
LOAD c:/st/stm32cubeide_1.4.0/stm32cubeide/plugins/com.st.stm32cube.ide.mcu.externaltools.gnu-tools-for-stm32.7-2018-q2-update.win32_1.4.0.202007081208/tools/bin/../lib/gcc/arm-none-eabi/7.3.1/../../../../arm-none-eabi/lib/thumb/v7-m\libc_nano.a
END GROUP
START GROUP
LOAD c:/st/stm32cubeide_1.4.0/stm32cubeide/plugins/com.st.stm32cube.ide.mcu.externaltools.gnu-tools-for-stm32.7-2018-q2-update.win32_1.4.0.202007081208/tools/bin/../lib/gcc/arm-none-eabi/7.3.1/thumb/v7-m\libgcc.a
LOAD c:/st/stm32cubeide_1.4.0/stm32cubeide/plugins/com.st.stm32cube.ide.mcu.externaltools.gnu-tools-for-stm32.7-2018-q2-update.win32_1.4.0.202007081208/tools/bin/../lib/gcc/arm-none-eabi/7.3.1/../../../../arm-none-eabi/lib/thumb/v7-m\libc_nano.a
LOAD c:/st/stm32cubeide_1.4.0/stm32cubeide/plugins/com.st.stm32cube.ide.mcu.externaltools.gnu-tools-for-stm32.7-2018-q2-update.win32_1.4.0.202007081208/tools/bin/../lib/gcc/arm-none-eabi/7.3.1/../../../../arm-none-eabi/lib/thumb/v7-m\libnosys.a
END GROUP
START GROUP
LOAD c:/st/stm32cubeide_1.4.0/stm32cubeide/plugins/com.st.stm32cube.ide.mcu.externaltools.gnu-tools-for-stm32.7-2018-q2-update.win32_1.4.0.202007081208/tools/bin/../lib/gcc/arm-none-eabi/7.3.1/thumb/v7-m\libgcc.a
LOAD c:/st/stm32cubeide_1.4.0/stm32cubeide/plugins/com.st.stm32cube.ide.mcu.externaltools.gnu-tools-for-stm32.7-2018-q2-update.win32_1.4.0.202007081208/tools/bin/../lib/gcc/arm-none-eabi/7.3.1/../../../../arm-none-eabi/lib/thumb/v7-m\libc_nano.a
LOAD c:/st/stm32cubeide_1.4.0/stm32cubeide/plugins/com.st.stm32cube.ide.mcu.externaltools.gnu-tools-for-stm32.7-2018-q2-update.win32_1.4.0.202007081208/tools/bin/../lib/gcc/arm-none-eabi/7.3.1/../../../../arm-none-eabi/lib/thumb/v7-m\libnosys.a
END GROUP
LOAD c:/st/stm32cubeide_1.4.0/stm32cubeide/plugins/com.st.stm32cube.ide.mcu.externaltools.gnu-tools-for-stm32.7-2018-q2-update.win32_1.4.0.202007081208/tools/bin/../lib/gcc/arm-none-eabi/7.3.1/thumb/v7-m/crtend.o
LOAD c:/st/stm32cubeide_1.4.0/stm32cubeide/plugins/com.st.stm32cube.ide.mcu.externaltools.gnu-tools-for-stm32.7-2018-q2-update.win32_1.4.0.202007081208/tools/bin/../lib/gcc/arm-none-eabi/7.3.1/thumb/v7-m/crtn.o
                0x0000000020005000                _estack = (ORIGIN (RAM) + LENGTH (RAM))
                0x0000000000000200                _Min_Heap_Size = 0x200
                0x0000000000000400                _Min_Stack_Size = 0x400

.isr_vector     0x0000000008000000      0x10c
                0x0000000008000000                . = ALIGN (0x4)
 *(.isr_vector)
 .isr_vector    0x0000000008000000      0x10c Core/Startup/startup_stm32f103c8tx.o
                0x0000000008000000                g_pfnVectors
                0x000000000800010c                . = ALIGN (0x4)

.text           0x0000000008000110     0x4d34
                0x0000000008000110                . = ALIGN (0x4)
 *(.text)
 .text          0x0000000008000110       0x40 c:/st/stm32cubeide_1.4.0/stm32cubeide/plugins/com.st.stm32cube.ide.mcu.externaltools.gnu-tools-for-stm32.7-2018-q2-update.win32_1.4.0.202007081208/tools/bin/../lib/gcc/arm-none-eabi/7.3.1/thumb/v7-m/crtbegin.o
 *(.text*)
 .text.MX_FREERTOS_Init
                0x0000000008000150       0x40 Core/Src/freertos.o
                0x0000000008000150                MX_FREERTOS_Init
 .text.StatusLedTask
                0x0000000008000190       0x20 Core/Src/freertos.o
                0x0000000008000190                StatusLedTask
 .text.RcHandlerTask
                0x00000000080001b0      0x10c Core/Src/freertos.o
                0x00000000080001b0                RcHandlerTask
 .text.HAL_UART_RxCpltCallback
                0x00000000080002bc       0x2c Core/Src/freertos.o
                0x00000000080002bc                HAL_UART_RxCpltCallback
 .text.MX_GPIO_Init
                0x00000000080002e8       0x98 Core/Src/gpio.o
                0x00000000080002e8                MX_GPIO_Init
 .text.main     0x0000000008000380       0x22 Core/Src/main.o
                0x0000000008000380                main
 .text.SystemClock_Config
                0x00000000080003a2       0x8a Core/Src/main.o
                0x00000000080003a2                SystemClock_Config
 .text.HAL_TIM_PeriodElapsedCallback
                0x000000000800042c       0x24 Core/Src/main.o
                0x000000000800042c                HAL_TIM_PeriodElapsedCallback
 .text.Error_Handler
                0x0000000008000450        0xc Core/Src/main.o
                0x0000000008000450                Error_Handler
 .text.HAL_MspInit
                0x000000000800045c       0x64 Core/Src/stm32f1xx_hal_msp.o
                0x000000000800045c                HAL_MspInit
 .text.HAL_InitTick
                0x00000000080004c0       0xb0 Core/Src/stm32f1xx_hal_timebase_tim.o
                0x00000000080004c0                HAL_InitTick
 .text.NMI_Handler
                0x0000000008000570        0xc Core/Src/stm32f1xx_it.o
                0x0000000008000570                NMI_Handler
 .text.HardFault_Handler
                0x000000000800057c        0x6 Core/Src/stm32f1xx_it.o
                0x000000000800057c                HardFault_Handler
 .text.MemManage_Handler
                0x0000000008000582        0x6 Core/Src/stm32f1xx_it.o
                0x0000000008000582                MemManage_Handler
 .text.BusFault_Handler
                0x0000000008000588        0x6 Core/Src/stm32f1xx_it.o
                0x0000000008000588                BusFault_Handler
 .text.UsageFault_Handler
                0x000000000800058e        0x6 Core/Src/stm32f1xx_it.o
                0x000000000800058e                UsageFault_Handler
 .text.DebugMon_Handler
                0x0000000008000594        0xc Core/Src/stm32f1xx_it.o
                0x0000000008000594                DebugMon_Handler
 .text.TIM4_IRQHandler
                0x00000000080005a0       0x14 Core/Src/stm32f1xx_it.o
                0x00000000080005a0                TIM4_IRQHandler
 .text.USART1_IRQHandler
                0x00000000080005b4       0x14 Core/Src/stm32f1xx_it.o
                0x00000000080005b4                USART1_IRQHandler
 .text.SystemInit
                0x00000000080005c8        0xc Core/Src/system_stm32f1xx.o
                0x00000000080005c8                SystemInit
 .text.MX_USART1_UART_Init
                0x00000000080005d4       0x54 Core/Src/usart.o
                0x00000000080005d4                MX_USART1_UART_Init
 .text.HAL_UART_MspInit
                0x0000000008000628       0xa8 Core/Src/usart.o
                0x0000000008000628                HAL_UART_MspInit
 .text.Reset_Handler
                0x00000000080006d0       0x48 Core/Startup/startup_stm32f103c8tx.o
                0x00000000080006d0                Reset_Handler
 .text.Default_Handler
                0x0000000008000718        0x2 Core/Startup/startup_stm32f103c8tx.o
                0x0000000008000718                RTC_Alarm_IRQHandler
                0x0000000008000718                EXTI2_IRQHandler
                0x0000000008000718                TIM1_CC_IRQHandler
                0x0000000008000718                PVD_IRQHandler
                0x0000000008000718                EXTI3_IRQHandler
                0x0000000008000718                EXTI0_IRQHandler
                0x0000000008000718                I2C2_EV_IRQHandler
                0x0000000008000718                ADC1_2_IRQHandler
                0x0000000008000718                SPI1_IRQHandler
                0x0000000008000718                TAMPER_IRQHandler
                0x0000000008000718                DMA1_Channel4_IRQHandler
                0x0000000008000718                USART3_IRQHandler
                0x0000000008000718                RTC_IRQHandler
                0x0000000008000718                DMA1_Channel7_IRQHandler
                0x0000000008000718                CAN1_RX1_IRQHandler
                0x0000000008000718                I2C1_EV_IRQHandler
                0x0000000008000718                DMA1_Channel6_IRQHandler
                0x0000000008000718                TIM3_IRQHandler
                0x0000000008000718                RCC_IRQHandler
                0x0000000008000718                TIM1_TRG_COM_IRQHandler
                0x0000000008000718                DMA1_Channel1_IRQHandler
                0x0000000008000718                Default_Handler
                0x0000000008000718                EXTI15_10_IRQHandler
                0x0000000008000718                EXTI9_5_IRQHandler
                0x0000000008000718                SPI2_IRQHandler
                0x0000000008000718                DMA1_Channel5_IRQHandler
                0x0000000008000718                EXTI4_IRQHandler
                0x0000000008000718                USB_LP_CAN1_RX0_IRQHandler
                0x0000000008000718                USB_HP_CAN1_TX_IRQHandler
                0x0000000008000718                DMA1_Channel3_IRQHandler
                0x0000000008000718                TIM1_UP_IRQHandler
                0x0000000008000718                WWDG_IRQHandler
                0x0000000008000718                TIM2_IRQHandler
                0x0000000008000718                TIM1_BRK_IRQHandler
                0x0000000008000718                EXTI1_IRQHandler
                0x0000000008000718                USART2_IRQHandler
                0x0000000008000718                I2C2_ER_IRQHandler
                0x0000000008000718                DMA1_Channel2_IRQHandler
                0x0000000008000718                CAN1_SCE_IRQHandler
                0x0000000008000718                FLASH_IRQHandler
                0x0000000008000718                I2C1_ER_IRQHandler
                0x0000000008000718                USBWakeUp_IRQHandler
 *fill*         0x000000000800071a        0x2 
 .text.HAL_Init
                0x000000000800071c       0x2c Drivers/STM32F1xx_HAL_Driver/Src/stm32f1xx_hal.o
                0x000000000800071c                HAL_Init
 .text.HAL_IncTick
                0x0000000008000748       0x24 Drivers/STM32F1xx_HAL_Driver/Src/stm32f1xx_hal.o
                0x0000000008000748                HAL_IncTick
 .text.HAL_GetTick
                0x000000000800076c       0x14 Drivers/STM32F1xx_HAL_Driver/Src/stm32f1xx_hal.o
                0x000000000800076c                HAL_GetTick
 .text.__NVIC_SetPriorityGrouping
                0x0000000008000780       0x48 Drivers/STM32F1xx_HAL_Driver/Src/stm32f1xx_hal_cortex.o
 .text.__NVIC_GetPriorityGrouping
                0x00000000080007c8       0x1c Drivers/STM32F1xx_HAL_Driver/Src/stm32f1xx_hal_cortex.o
 .text.__NVIC_EnableIRQ
                0x00000000080007e4       0x38 Drivers/STM32F1xx_HAL_Driver/Src/stm32f1xx_hal_cortex.o
 .text.__NVIC_SetPriority
                0x000000000800081c       0x54 Drivers/STM32F1xx_HAL_Driver/Src/stm32f1xx_hal_cortex.o
 .text.NVIC_EncodePriority
                0x0000000008000870       0x64 Drivers/STM32F1xx_HAL_Driver/Src/stm32f1xx_hal_cortex.o
 .text.HAL_NVIC_SetPriorityGrouping
                0x00000000080008d4       0x16 Drivers/STM32F1xx_HAL_Driver/Src/stm32f1xx_hal_cortex.o
                0x00000000080008d4                HAL_NVIC_SetPriorityGrouping
 .text.HAL_NVIC_SetPriority
                0x00000000080008ea       0x38 Drivers/STM32F1xx_HAL_Driver/Src/stm32f1xx_hal_cortex.o
                0x00000000080008ea                HAL_NVIC_SetPriority
 .text.HAL_NVIC_EnableIRQ
                0x0000000008000922       0x1c Drivers/STM32F1xx_HAL_Driver/Src/stm32f1xx_hal_cortex.o
                0x0000000008000922                HAL_NVIC_EnableIRQ
 *fill*         0x000000000800093e        0x2 
 .text.HAL_DMA_Abort_IT
                0x0000000008000940       0xec Drivers/STM32F1xx_HAL_Driver/Src/stm32f1xx_hal_dma.o
                0x0000000008000940                HAL_DMA_Abort_IT
 .text.HAL_GPIO_Init
                0x0000000008000a2c      0x2b4 Drivers/STM32F1xx_HAL_Driver/Src/stm32f1xx_hal_gpio.o
                0x0000000008000a2c                HAL_GPIO_Init
 .text.HAL_GPIO_WritePin
                0x0000000008000ce0       0x30 Drivers/STM32F1xx_HAL_Driver/Src/stm32f1xx_hal_gpio.o
                0x0000000008000ce0                HAL_GPIO_WritePin
 .text.HAL_GPIO_TogglePin
                0x0000000008000d10       0x32 Drivers/STM32F1xx_HAL_Driver/Src/stm32f1xx_hal_gpio.o
                0x0000000008000d10                HAL_GPIO_TogglePin
 *fill*         0x0000000008000d42        0x2 
 .text.HAL_RCC_OscConfig
                0x0000000008000d44      0x500 Drivers/STM32F1xx_HAL_Driver/Src/stm32f1xx_hal_rcc.o
                0x0000000008000d44                HAL_RCC_OscConfig
 .text.HAL_RCC_ClockConfig
                0x0000000008001244      0x1d4 Drivers/STM32F1xx_HAL_Driver/Src/stm32f1xx_hal_rcc.o
                0x0000000008001244                HAL_RCC_ClockConfig
 .text.HAL_RCC_GetSysClockFreq
                0x0000000008001418       0xc4 Drivers/STM32F1xx_HAL_Driver/Src/stm32f1xx_hal_rcc.o
                0x0000000008001418                HAL_RCC_GetSysClockFreq
 .text.HAL_RCC_GetHCLKFreq
                0x00000000080014dc       0x14 Drivers/STM32F1xx_HAL_Driver/Src/stm32f1xx_hal_rcc.o
                0x00000000080014dc                HAL_RCC_GetHCLKFreq
 .text.HAL_RCC_GetPCLK1Freq
                0x00000000080014f0       0x28 Drivers/STM32F1xx_HAL_Driver/Src/stm32f1xx_hal_rcc.o
                0x00000000080014f0                HAL_RCC_GetPCLK1Freq
 .text.HAL_RCC_GetPCLK2Freq
                0x0000000008001518       0x28 Drivers/STM32F1xx_HAL_Driver/Src/stm32f1xx_hal_rcc.o
                0x0000000008001518                HAL_RCC_GetPCLK2Freq
 .text.HAL_RCC_GetClockConfig
                0x0000000008001540       0x60 Drivers/STM32F1xx_HAL_Driver/Src/stm32f1xx_hal_rcc.o
                0x0000000008001540                HAL_RCC_GetClockConfig
 .text.RCC_Delay
                0x00000000080015a0       0x3c Drivers/STM32F1xx_HAL_Driver/Src/stm32f1xx_hal_rcc.o
 .text.HAL_TIM_Base_Init
                0x00000000080015dc       0x9e Drivers/STM32F1xx_HAL_Driver/Src/stm32f1xx_hal_tim.o
                0x00000000080015dc                HAL_TIM_Base_Init
 .text.HAL_TIM_Base_MspInit
                0x000000000800167a       0x12 Drivers/STM32F1xx_HAL_Driver/Src/stm32f1xx_hal_tim.o
                0x000000000800167a                HAL_TIM_Base_MspInit
 .text.HAL_TIM_Base_Start_IT
                0x000000000800168c       0xa4 Drivers/STM32F1xx_HAL_Driver/Src/stm32f1xx_hal_tim.o
                0x000000000800168c                HAL_TIM_Base_Start_IT
 .text.HAL_TIM_IRQHandler
                0x0000000008001730      0x210 Drivers/STM32F1xx_HAL_Driver/Src/stm32f1xx_hal_tim.o
                0x0000000008001730                HAL_TIM_IRQHandler
 .text.HAL_TIM_OC_DelayElapsedCallback
                0x0000000008001940       0x12 Drivers/STM32F1xx_HAL_Driver/Src/stm32f1xx_hal_tim.o
                0x0000000008001940                HAL_TIM_OC_DelayElapsedCallback
 .text.HAL_TIM_IC_CaptureCallback
                0x0000000008001952       0x12 Drivers/STM32F1xx_HAL_Driver/Src/stm32f1xx_hal_tim.o
                0x0000000008001952                HAL_TIM_IC_CaptureCallback
 .text.HAL_TIM_PWM_PulseFinishedCallback
                0x0000000008001964       0x12 Drivers/STM32F1xx_HAL_Driver/Src/stm32f1xx_hal_tim.o
                0x0000000008001964                HAL_TIM_PWM_PulseFinishedCallback
 .text.HAL_TIM_TriggerCallback
                0x0000000008001976       0x12 Drivers/STM32F1xx_HAL_Driver/Src/stm32f1xx_hal_tim.o
                0x0000000008001976                HAL_TIM_TriggerCallback
 .text.TIM_Base_SetConfig
                0x0000000008001988       0xc4 Drivers/STM32F1xx_HAL_Driver/Src/stm32f1xx_hal_tim.o
                0x0000000008001988                TIM_Base_SetConfig
 .text.HAL_TIMEx_CommutCallback
                0x0000000008001a4c       0x12 Drivers/STM32F1xx_HAL_Driver/Src/stm32f1xx_hal_tim_ex.o
                0x0000000008001a4c                HAL_TIMEx_CommutCallback
 .text.HAL_TIMEx_BreakCallback
                0x0000000008001a5e       0x12 Drivers/STM32F1xx_HAL_Driver/Src/stm32f1xx_hal_tim_ex.o
                0x0000000008001a5e                HAL_TIMEx_BreakCallback
 .text.HAL_UART_Init
                0x0000000008001a70       0x9a Drivers/STM32F1xx_HAL_Driver/Src/stm32f1xx_hal_uart.o
                0x0000000008001a70                HAL_UART_Init
 .text.HAL_UART_Transmit
                0x0000000008001b0a      0x124 Drivers/STM32F1xx_HAL_Driver/Src/stm32f1xx_hal_uart.o
                0x0000000008001b0a                HAL_UART_Transmit
 .text.HAL_UART_Receive_IT
                0x0000000008001c2e       0xa8 Drivers/STM32F1xx_HAL_Driver/Src/stm32f1xx_hal_uart.o
                0x0000000008001c2e                HAL_UART_Receive_IT
 *fill*         0x0000000008001cd6        0x2 
 .text.HAL_UART_IRQHandler
                0x0000000008001cd8      0x200 Drivers/STM32F1xx_HAL_Driver/Src/stm32f1xx_hal_uart.o
                0x0000000008001cd8                HAL_UART_IRQHandler
 .text.HAL_UART_TxCpltCallback
                0x0000000008001ed8       0x12 Drivers/STM32F1xx_HAL_Driver/Src/stm32f1xx_hal_uart.o
                0x0000000008001ed8                HAL_UART_TxCpltCallback
 .text.HAL_UART_ErrorCallback
                0x0000000008001eea       0x12 Drivers/STM32F1xx_HAL_Driver/Src/stm32f1xx_hal_uart.o
                0x0000000008001eea                HAL_UART_ErrorCallback
 .text.UART_WaitOnFlagUntilTimeout
                0x0000000008001efc       0x94 Drivers/STM32F1xx_HAL_Driver/Src/stm32f1xx_hal_uart.o
 .text.UART_EndRxTransfer
                0x0000000008001f90       0x3a Drivers/STM32F1xx_HAL_Driver/Src/stm32f1xx_hal_uart.o
 .text.UART_DMAAbortOnError
                0x0000000008001fca       0x28 Drivers/STM32F1xx_HAL_Driver/Src/stm32f1xx_hal_uart.o
 .text.UART_Transmit_IT
                0x0000000008001ff2       0x9e Drivers/STM32F1xx_HAL_Driver/Src/stm32f1xx_hal_uart.o
 .text.UART_EndTransmit_IT
                0x0000000008002090       0x30 Drivers/STM32F1xx_HAL_Driver/Src/stm32f1xx_hal_uart.o
 .text.UART_Receive_IT
                0x00000000080020c0      0x100 Drivers/STM32F1xx_HAL_Driver/Src/stm32f1xx_hal_uart.o
 .text.UART_SetConfig
                0x00000000080021c0      0x11c Drivers/STM32F1xx_HAL_Driver/Src/stm32f1xx_hal_uart.o
 .text.osKernelInitialize
                0x00000000080022dc       0x64 Middlewares/Third_Party/FreeRTOS/Source/CMSIS_RTOS_V2/cmsis_os2.o
                0x00000000080022dc                osKernelInitialize
 .text.osKernelStart
                0x0000000008002340       0x68 Middlewares/Third_Party/FreeRTOS/Source/CMSIS_RTOS_V2/cmsis_os2.o
                0x0000000008002340                osKernelStart
 .text.osThreadNew
                0x00000000080023a8      0x154 Middlewares/Third_Party/FreeRTOS/Source/CMSIS_RTOS_V2/cmsis_os2.o
                0x00000000080023a8                osThreadNew
 .text.osDelay  0x00000000080024fc       0x5c Middlewares/Third_Party/FreeRTOS/Source/CMSIS_RTOS_V2/cmsis_os2.o
                0x00000000080024fc                osDelay
 .text.vApplicationGetIdleTaskMemory
                0x0000000008002558       0x30 Middlewares/Third_Party/FreeRTOS/Source/CMSIS_RTOS_V2/cmsis_os2.o
                0x0000000008002558                vApplicationGetIdleTaskMemory
 .text.vApplicationGetTimerTaskMemory
                0x0000000008002588       0x34 Middlewares/Third_Party/FreeRTOS/Source/CMSIS_RTOS_V2/cmsis_os2.o
                0x0000000008002588                vApplicationGetTimerTaskMemory
 .text.vListInitialise
                0x00000000080025bc       0x3e Middlewares/Third_Party/FreeRTOS/Source/list.o
                0x00000000080025bc                vListInitialise
 .text.vListInitialiseItem
                0x00000000080025fa       0x18 Middlewares/Third_Party/FreeRTOS/Source/list.o
                0x00000000080025fa                vListInitialiseItem
 .text.vListInsertEnd
                0x0000000008002612       0x46 Middlewares/Third_Party/FreeRTOS/Source/list.o
                0x0000000008002612                vListInsertEnd
 .text.vListInsert
                0x0000000008002658       0x70 Middlewares/Third_Party/FreeRTOS/Source/list.o
                0x0000000008002658                vListInsert
 .text.uxListRemove
                0x00000000080026c8       0x52 Middlewares/Third_Party/FreeRTOS/Source/list.o
                0x00000000080026c8                uxListRemove
 *fill*         0x000000000800271a        0x2 
 .text.xQueueGenericReset
                0x000000000800271c       0xd0 Middlewares/Third_Party/FreeRTOS/Source/queue.o
                0x000000000800271c                xQueueGenericReset
 .text.xQueueGenericCreateStatic
                0x00000000080027ec       0xe4 Middlewares/Third_Party/FreeRTOS/Source/queue.o
                0x00000000080027ec                xQueueGenericCreateStatic
 .text.prvInitialiseNewQueue
                0x00000000080028d0       0x46 Middlewares/Third_Party/FreeRTOS/Source/queue.o
 *fill*         0x0000000008002916        0x2 
 .text.xQueueGenericSend
                0x0000000008002918      0x1f4 Middlewares/Third_Party/FreeRTOS/Source/queue.o
                0x0000000008002918                xQueueGenericSend
 .text.xQueueGenericSendFromISR
                0x0000000008002b0c      0x128 Middlewares/Third_Party/FreeRTOS/Source/queue.o
                0x0000000008002b0c                xQueueGenericSendFromISR
 .text.xQueueReceive
                0x0000000008002c34      0x1b8 Middlewares/Third_Party/FreeRTOS/Source/queue.o
                0x0000000008002c34                xQueueReceive
 .text.prvCopyDataToQueue
                0x0000000008002dec       0xd4 Middlewares/Third_Party/FreeRTOS/Source/queue.o
 .text.prvCopyDataFromQueue
                0x0000000008002ec0       0x4c Middlewares/Third_Party/FreeRTOS/Source/queue.o
 .text.prvUnlockQueue
                0x0000000008002f0c       0xa4 Middlewares/Third_Party/FreeRTOS/Source/queue.o
 .text.prvIsQueueEmpty
                0x0000000008002fb0       0x2c Middlewares/Third_Party/FreeRTOS/Source/queue.o
 .text.prvIsQueueFull
                0x0000000008002fdc       0x30 Middlewares/Third_Party/FreeRTOS/Source/queue.o
 .text.vQueueAddToRegistry
                0x000000000800300c       0x50 Middlewares/Third_Party/FreeRTOS/Source/queue.o
                0x000000000800300c                vQueueAddToRegistry
 .text.vQueueWaitForMessageRestricted
                0x000000000800305c       0x68 Middlewares/Third_Party/FreeRTOS/Source/queue.o
                0x000000000800305c                vQueueWaitForMessageRestricted
 .text.xTaskCreateStatic
                0x00000000080030c4       0xb2 Middlewares/Third_Party/FreeRTOS/Source/tasks.o
                0x00000000080030c4                xTaskCreateStatic
 .text.xTaskCreate
                0x0000000008003176       0x8a Middlewares/Third_Party/FreeRTOS/Source/tasks.o
                0x0000000008003176                xTaskCreate
 .text.prvInitialiseNewTask
                0x0000000008003200      0x10c Middlewares/Third_Party/FreeRTOS/Source/tasks.o
 .text.prvAddNewTaskToReadyList
                0x000000000800330c       0xe0 Middlewares/Third_Party/FreeRTOS/Source/tasks.o
 .text.vTaskDelay
                0x00000000080033ec       0x68 Middlewares/Third_Party/FreeRTOS/Source/tasks.o
                0x00000000080033ec                vTaskDelay
 .text.vTaskStartScheduler
                0x0000000008003454       0xc8 Middlewares/Third_Party/FreeRTOS/Source/tasks.o
                0x0000000008003454                vTaskStartScheduler
 .text.vTaskSuspendAll
                0x000000000800351c       0x1c Middlewares/Third_Party/FreeRTOS/Source/tasks.o
                0x000000000800351c                vTaskSuspendAll
 .text.xTaskResumeAll
                0x0000000008003538      0x138 Middlewares/Third_Party/FreeRTOS/Source/tasks.o
                0x0000000008003538                xTaskResumeAll
 .text.xTaskGetTickCount
                0x0000000008003670       0x1c Middlewares/Third_Party/FreeRTOS/Source/tasks.o
                0x0000000008003670                xTaskGetTickCount
 .text.xTaskIncrementTick
                0x000000000800368c      0x17c Middlewares/Third_Party/FreeRTOS/Source/tasks.o
                0x000000000800368c                xTaskIncrementTick
 .text.vTaskSwitchContext
                0x0000000008003808       0xb8 Middlewares/Third_Party/FreeRTOS/Source/tasks.o
                0x0000000008003808                vTaskSwitchContext
 .text.vTaskPlaceOnEventList
                0x00000000080038c0       0x48 Middlewares/Third_Party/FreeRTOS/Source/tasks.o
                0x00000000080038c0                vTaskPlaceOnEventList
 .text.vTaskPlaceOnEventListRestricted
                0x0000000008003908       0x54 Middlewares/Third_Party/FreeRTOS/Source/tasks.o
                0x0000000008003908                vTaskPlaceOnEventListRestricted
 .text.xTaskRemoveFromEventList
                0x000000000800395c       0xc4 Middlewares/Third_Party/FreeRTOS/Source/tasks.o
                0x000000000800395c                xTaskRemoveFromEventList
 .text.vTaskInternalSetTimeOutState
                0x0000000008003a20       0x2c Middlewares/Third_Party/FreeRTOS/Source/tasks.o
                0x0000000008003a20                vTaskInternalSetTimeOutState
 .text.xTaskCheckForTimeOut
                0x0000000008003a4c       0xc0 Middlewares/Third_Party/FreeRTOS/Source/tasks.o
                0x0000000008003a4c                xTaskCheckForTimeOut
 .text.vTaskMissedYield
                0x0000000008003b0c       0x18 Middlewares/Third_Party/FreeRTOS/Source/tasks.o
                0x0000000008003b0c                vTaskMissedYield
 .text.prvIdleTask
                0x0000000008003b24       0x30 Middlewares/Third_Party/FreeRTOS/Source/tasks.o
 .text.prvInitialiseTaskLists
                0x0000000008003b54       0x80 Middlewares/Third_Party/FreeRTOS/Source/tasks.o
 .text.prvCheckTasksWaitingTermination
                0x0000000008003bd4       0x58 Middlewares/Third_Party/FreeRTOS/Source/tasks.o
 .text.prvDeleteTCB
                0x0000000008003c2c       0x5c Middlewares/Third_Party/FreeRTOS/Source/tasks.o
 .text.prvResetNextTaskUnblockTime
                0x0000000008003c88       0x48 Middlewares/Third_Party/FreeRTOS/Source/tasks.o
 .text.xTaskGetSchedulerState
                0x0000000008003cd0       0x3c Middlewares/Third_Party/FreeRTOS/Source/tasks.o
                0x0000000008003cd0                xTaskGetSchedulerState
 .text.xTaskPriorityDisinherit
                0x0000000008003d0c       0xd8 Middlewares/Third_Party/FreeRTOS/Source/tasks.o
                0x0000000008003d0c                xTaskPriorityDisinherit
 .text.ulTaskNotifyTake
                0x0000000008003de4       0x90 Middlewares/Third_Party/FreeRTOS/Source/tasks.o
                0x0000000008003de4                ulTaskNotifyTake
 .text.vTaskNotifyGiveFromISR
                0x0000000008003e74      0x120 Middlewares/Third_Party/FreeRTOS/Source/tasks.o
                0x0000000008003e74                vTaskNotifyGiveFromISR
 .text.prvAddCurrentTaskToDelayedList
                0x0000000008003f94       0xa8 Middlewares/Third_Party/FreeRTOS/Source/tasks.o
 .text.xTimerCreateTimerTask
                0x000000000800403c       0x90 Middlewares/Third_Party/FreeRTOS/Source/timers.o
                0x000000000800403c                xTimerCreateTimerTask
 .text.xTimerGenericCommand
                0x00000000080040cc       0x98 Middlewares/Third_Party/FreeRTOS/Source/timers.o
                0x00000000080040cc                xTimerGenericCommand
 .text.prvProcessExpiredTimer
                0x0000000008004164       0x80 Middlewares/Third_Party/FreeRTOS/Source/timers.o
 .text.prvTimerTask
                0x00000000080041e4       0x24 Middlewares/Third_Party/FreeRTOS/Source/timers.o
 .text.prvProcessTimerOrBlockTask
                0x0000000008004208       0x9c Middlewares/Third_Party/FreeRTOS/Source/timers.o
 .text.prvGetNextExpireTime
                0x00000000080042a4       0x48 Middlewares/Third_Party/FreeRTOS/Source/timers.o
 .text.prvSampleTimeNow
                0x00000000080042ec       0x40 Middlewares/Third_Party/FreeRTOS/Source/timers.o
 .text.prvInsertTimerInActiveList
                0x000000000800432c       0x84 Middlewares/Third_Party/FreeRTOS/Source/timers.o
 .text.prvProcessReceivedCommands
                0x00000000080043b0      0x160 Middlewares/Third_Party/FreeRTOS/Source/timers.o
 .text.prvSwitchTimerLists
                0x0000000008004510       0xc0 Middlewares/Third_Party/FreeRTOS/Source/timers.o
 .text.prvCheckForValidListAndQueue
                0x00000000080045d0       0x80 Middlewares/Third_Party/FreeRTOS/Source/timers.o
 .text.pxPortInitialiseStack
                0x0000000008004650       0x58 Middlewares/Third_Party/FreeRTOS/Source/portable/GCC/ARM_CM3/port.o
                0x0000000008004650                pxPortInitialiseStack
 .text.prvTaskExitError
                0x00000000080046a8       0x50 Middlewares/Third_Party/FreeRTOS/Source/portable/GCC/ARM_CM3/port.o
 *fill*         0x00000000080046f8        0x8 
 .text.SVC_Handler
                0x0000000008004700       0x28 Middlewares/Third_Party/FreeRTOS/Source/portable/GCC/ARM_CM3/port.o
                0x0000000008004700                SVC_Handler
 .text.prvPortStartFirstTask
                0x0000000008004728       0x20 Middlewares/Third_Party/FreeRTOS/Source/portable/GCC/ARM_CM3/port.o
 .text.xPortStartScheduler
                0x0000000008004748       0xe0 Middlewares/Third_Party/FreeRTOS/Source/portable/GCC/ARM_CM3/port.o
                0x0000000008004748                xPortStartScheduler
 .text.vPortEnterCritical
                0x0000000008004828       0x5c Middlewares/Third_Party/FreeRTOS/Source/portable/GCC/ARM_CM3/port.o
                0x0000000008004828                vPortEnterCritical
 .text.vPortExitCritical
                0x0000000008004884       0x4c Middlewares/Third_Party/FreeRTOS/Source/portable/GCC/ARM_CM3/port.o
                0x0000000008004884                vPortExitCritical
 .text.PendSV_Handler
                0x00000000080048d0       0x48 Middlewares/Third_Party/FreeRTOS/Source/portable/GCC/ARM_CM3/port.o
                0x00000000080048d0                PendSV_Handler
 .text.SysTick_Handler
                0x0000000008004918       0x40 Middlewares/Third_Party/FreeRTOS/Source/portable/GCC/ARM_CM3/port.o
                0x0000000008004918                SysTick_Handler
 .text.vPortSetupTimerInterrupt
                0x0000000008004958       0x44 Middlewares/Third_Party/FreeRTOS/Source/portable/GCC/ARM_CM3/port.o
                0x0000000008004958                vPortSetupTimerInterrupt
 .text.vPortValidateInterruptPriority
                0x000000000800499c       0x78 Middlewares/Third_Party/FreeRTOS/Source/portable/GCC/ARM_CM3/port.o
                0x000000000800499c                vPortValidateInterruptPriority
 .text.pvPortMalloc
                0x0000000008004a14      0x184 Middlewares/Third_Party/FreeRTOS/Source/portable/MemMang/heap_4.o
                0x0000000008004a14                pvPortMalloc
 .text.vPortFree
                0x0000000008004b98       0xb0 Middlewares/Third_Party/FreeRTOS/Source/portable/MemMang/heap_4.o
                0x0000000008004b98                vPortFree
 .text.prvHeapInit
                0x0000000008004c48       0xc4 Middlewares/Third_Party/FreeRTOS/Source/portable/MemMang/heap_4.o
 .text.prvInsertBlockIntoFreeList
                0x0000000008004d0c       0xb0 Middlewares/Third_Party/FreeRTOS/Source/portable/MemMang/heap_4.o
 .text.__libc_init_array
                0x0000000008004dbc       0x48 c:/st/stm32cubeide_1.4.0/stm32cubeide/plugins/com.st.stm32cube.ide.mcu.externaltools.gnu-tools-for-stm32.7-2018-q2-update.win32_1.4.0.202007081208/tools/bin/../lib/gcc/arm-none-eabi/7.3.1/../../../../arm-none-eabi/lib/thumb/v7-m\libc_nano.a(lib_a-init.o)
                0x0000000008004dbc                __libc_init_array
 .text.memcpy   0x0000000008004e04       0x16 c:/st/stm32cubeide_1.4.0/stm32cubeide/plugins/com.st.stm32cube.ide.mcu.externaltools.gnu-tools-for-stm32.7-2018-q2-update.win32_1.4.0.202007081208/tools/bin/../lib/gcc/arm-none-eabi/7.3.1/../../../../arm-none-eabi/lib/thumb/v7-m\libc_nano.a(lib_a-memcpy-stub.o)
                0x0000000008004e04                memcpy
 .text.memset   0x0000000008004e1a       0x10 c:/st/stm32cubeide_1.4.0/stm32cubeide/plugins/com.st.stm32cube.ide.mcu.externaltools.gnu-tools-for-stm32.7-2018-q2-update.win32_1.4.0.202007081208/tools/bin/../lib/gcc/arm-none-eabi/7.3.1/../../../../arm-none-eabi/lib/thumb/v7-m\libc_nano.a(lib_a-memset.o)
                0x0000000008004e1a                memset
 *(.glue_7)
 .glue_7        0x0000000008004e2a        0x0 linker stubs
 *(.glue_7t)
 .glue_7t       0x0000000008004e2a        0x0 linker stubs
 *(.eh_frame)
 *fill*         0x0000000008004e2a        0x2 
 .eh_frame      0x0000000008004e2c        0x0 c:/st/stm32cubeide_1.4.0/stm32cubeide/plugins/com.st.stm32cube.ide.mcu.externaltools.gnu-tools-for-stm32.7-2018-q2-update.win32_1.4.0.202007081208/tools/bin/../lib/gcc/arm-none-eabi/7.3.1/thumb/v7-m/crtbegin.o
 *(.init)
 .init          0x0000000008004e2c        0x4 c:/st/stm32cubeide_1.4.0/stm32cubeide/plugins/com.st.stm32cube.ide.mcu.externaltools.gnu-tools-for-stm32.7-2018-q2-update.win32_1.4.0.202007081208/tools/bin/../lib/gcc/arm-none-eabi/7.3.1/thumb/v7-m/crti.o
                0x0000000008004e2c                _init
 .init          0x0000000008004e30        0x8 c:/st/stm32cubeide_1.4.0/stm32cubeide/plugins/com.st.stm32cube.ide.mcu.externaltools.gnu-tools-for-stm32.7-2018-q2-update.win32_1.4.0.202007081208/tools/bin/../lib/gcc/arm-none-eabi/7.3.1/thumb/v7-m/crtn.o
 *(.fini)
 .fini          0x0000000008004e38        0x4 c:/st/stm32cubeide_1.4.0/stm32cubeide/plugins/com.st.stm32cube.ide.mcu.externaltools.gnu-tools-for-stm32.7-2018-q2-update.win32_1.4.0.202007081208/tools/bin/../lib/gcc/arm-none-eabi/7.3.1/thumb/v7-m/crti.o
                0x0000000008004e38                _fini
 .fini          0x0000000008004e3c        0x8 c:/st/stm32cubeide_1.4.0/stm32cubeide/plugins/com.st.stm32cube.ide.mcu.externaltools.gnu-tools-for-stm32.7-2018-q2-update.win32_1.4.0.202007081208/tools/bin/../lib/gcc/arm-none-eabi/7.3.1/thumb/v7-m/crtn.o
                0x0000000008004e44                . = ALIGN (0x4)
                0x0000000008004e44                _etext = .

.vfp11_veneer   0x0000000008004e44        0x0
 .vfp11_veneer  0x0000000008004e44        0x0 linker stubs

.v4_bx          0x0000000008004e44        0x0
 .v4_bx         0x0000000008004e44        0x0 linker stubs

.iplt           0x0000000008004e44        0x0
 .iplt          0x0000000008004e44        0x0 c:/st/stm32cubeide_1.4.0/stm32cubeide/plugins/com.st.stm32cube.ide.mcu.externaltools.gnu-tools-for-stm32.7-2018-q2-update.win32_1.4.0.202007081208/tools/bin/../lib/gcc/arm-none-eabi/7.3.1/thumb/v7-m/crtbegin.o

.rodata         0x0000000008004e44       0xc0
                0x0000000008004e44                . = ALIGN (0x4)
 *(.rodata)
 .rodata        0x0000000008004e44       0x31 Core/Src/freertos.o
 *fill*         0x0000000008004e75        0x3 
 .rodata        0x0000000008004e78       0x12 Drivers/STM32F1xx_HAL_Driver/Src/stm32f1xx_hal_rcc.o
 *fill*         0x0000000008004e8a        0x2 
 .rodata        0x0000000008004e8c        0x5 Middlewares/Third_Party/FreeRTOS/Source/tasks.o
 *fill*         0x0000000008004e91        0x3 
 .rodata        0x0000000008004e94        0xd Middlewares/Third_Party/FreeRTOS/Source/timers.o
 *(.rodata*)
 *fill*         0x0000000008004ea1        0x3 
 .rodata.statusLedTask_attributes
                0x0000000008004ea4       0x24 Core/Src/freertos.o
                0x0000000008004ea4                statusLedTask_attributes
 .rodata.rcHandlerTask_attributes
                0x0000000008004ec8       0x24 Core/Src/freertos.o
                0x0000000008004ec8                rcHandlerTask_attributes
 .rodata.AHBPrescTable
                0x0000000008004eec       0x10 Core/Src/system_stm32f1xx.o
                0x0000000008004eec                AHBPrescTable
 .rodata.APBPrescTable
                0x0000000008004efc        0x8 Core/Src/system_stm32f1xx.o
                0x0000000008004efc                APBPrescTable
                0x0000000008004f04                . = ALIGN (0x4)

.rel.dyn        0x0000000008004f04        0x0
 .rel.iplt      0x0000000008004f04        0x0 c:/st/stm32cubeide_1.4.0/stm32cubeide/plugins/com.st.stm32cube.ide.mcu.externaltools.gnu-tools-for-stm32.7-2018-q2-update.win32_1.4.0.202007081208/tools/bin/../lib/gcc/arm-none-eabi/7.3.1/thumb/v7-m/crtbegin.o

.ARM.extab      0x0000000008004f04        0x0
                0x0000000008004f04                . = ALIGN (0x4)
 *(.ARM.extab* .gnu.linkonce.armextab.*)
                0x0000000008004f04                . = ALIGN (0x4)

.ARM            0x0000000008004f04        0x0
                0x0000000008004f04                . = ALIGN (0x4)
                0x0000000008004f04                __exidx_start = .
 *(.ARM.exidx*)
                0x0000000008004f04                __exidx_end = .
                0x0000000008004f04                . = ALIGN (0x4)

.preinit_array  0x0000000008004f04        0x0
                0x0000000008004f04                . = ALIGN (0x4)
                0x0000000008004f04                PROVIDE (__preinit_array_start = .)
 *(.preinit_array*)
                0x0000000008004f04                PROVIDE (__preinit_array_end = .)
                0x0000000008004f04                . = ALIGN (0x4)

.init_array     0x0000000008004f04        0x4
                0x0000000008004f04                . = ALIGN (0x4)
                0x0000000008004f04                PROVIDE (__init_array_start = .)
 *(SORT_BY_NAME(.init_array.*))
 *(.init_array*)
 .init_array    0x0000000008004f04        0x4 c:/st/stm32cubeide_1.4.0/stm32cubeide/plugins/com.st.stm32cube.ide.mcu.externaltools.gnu-tools-for-stm32.7-2018-q2-update.win32_1.4.0.202007081208/tools/bin/../lib/gcc/arm-none-eabi/7.3.1/thumb/v7-m/crtbegin.o
                0x0000000008004f08                PROVIDE (__init_array_end = .)
                0x0000000008004f08                . = ALIGN (0x4)

.fini_array     0x0000000008004f08        0x4
                0x0000000008004f08                . = ALIGN (0x4)
                [!provide]                        PROVIDE (__fini_array_start = .)
 *(SORT_BY_NAME(.fini_array.*))
 *(.fini_array*)
 .fini_array    0x0000000008004f08        0x4 c:/st/stm32cubeide_1.4.0/stm32cubeide/plugins/com.st.stm32cube.ide.mcu.externaltools.gnu-tools-for-stm32.7-2018-q2-update.win32_1.4.0.202007081208/tools/bin/../lib/gcc/arm-none-eabi/7.3.1/thumb/v7-m/crtbegin.o
                [!provide]                        PROVIDE (__fini_array_end = .)
                0x0000000008004f0c                . = ALIGN (0x4)
                0x0000000008004f0c                _sidata = LOADADDR (.data)

.data           0x0000000020000000       0x14 load address 0x0000000008004f0c
                0x0000000020000000                . = ALIGN (0x4)
                0x0000000020000000                _sdata = .
 *(.data)
 *(.data*)
 .data.hex_tb   0x0000000020000000        0x4 Core/Src/freertos.o
                0x0000000020000000                hex_tb
 .data.SystemCoreClock
                0x0000000020000004        0x4 Core/Src/system_stm32f1xx.o
                0x0000000020000004                SystemCoreClock
 .data.uwTickPrio
                0x0000000020000008        0x4 Drivers/STM32F1xx_HAL_Driver/Src/stm32f1xx_hal.o
                0x0000000020000008                uwTickPrio
 .data.uwTickFreq
                0x000000002000000c        0x1 Drivers/STM32F1xx_HAL_Driver/Src/stm32f1xx_hal.o
                0x000000002000000c                uwTickFreq
 *fill*         0x000000002000000d        0x3 
 .data.uxCriticalNesting
                0x0000000020000010        0x4 Middlewares/Third_Party/FreeRTOS/Source/portable/GCC/ARM_CM3/port.o
                0x0000000020000014                . = ALIGN (0x4)
                0x0000000020000014                _edata = .

.igot.plt       0x0000000020000014        0x0 load address 0x0000000008004f20
 .igot.plt      0x0000000020000014        0x0 c:/st/stm32cubeide_1.4.0/stm32cubeide/plugins/com.st.stm32cube.ide.mcu.externaltools.gnu-tools-for-stm32.7-2018-q2-update.win32_1.4.0.202007081208/tools/bin/../lib/gcc/arm-none-eabi/7.3.1/thumb/v7-m/crtbegin.o
                0x0000000020000014                . = ALIGN (0x4)

.bss            0x0000000020000014     0x1f00 load address 0x0000000008004f20
                0x0000000020000014                _sbss = .
                0x0000000020000014                __bss_start__ = _sbss
 *(.bss)
 .bss           0x0000000020000014       0x1c c:/st/stm32cubeide_1.4.0/stm32cubeide/plugins/com.st.stm32cube.ide.mcu.externaltools.gnu-tools-for-stm32.7-2018-q2-update.win32_1.4.0.202007081208/tools/bin/../lib/gcc/arm-none-eabi/7.3.1/thumb/v7-m/crtbegin.o
 *(.bss*)
 .bss.KernelState
                0x0000000020000030        0x4 Middlewares/Third_Party/FreeRTOS/Source/CMSIS_RTOS_V2/cmsis_os2.o
 .bss.Idle_TCB  0x0000000020000034       0x5c Middlewares/Third_Party/FreeRTOS/Source/CMSIS_RTOS_V2/cmsis_os2.o
 .bss.Idle_Stack
                0x0000000020000090      0x200 Middlewares/Third_Party/FreeRTOS/Source/CMSIS_RTOS_V2/cmsis_os2.o
 .bss.Timer_TCB
                0x0000000020000290       0x5c Middlewares/Third_Party/FreeRTOS/Source/CMSIS_RTOS_V2/cmsis_os2.o
 .bss.Timer_Stack
                0x00000000200002ec      0x400 Middlewares/Third_Party/FreeRTOS/Source/CMSIS_RTOS_V2/cmsis_os2.o
 .bss.pxCurrentTCB
                0x00000000200006ec        0x4 Middlewares/Third_Party/FreeRTOS/Source/tasks.o
                0x00000000200006ec                pxCurrentTCB
 .bss.pxReadyTasksLists
                0x00000000200006f0      0x460 Middlewares/Third_Party/FreeRTOS/Source/tasks.o
 .bss.xDelayedTaskList1
                0x0000000020000b50       0x14 Middlewares/Third_Party/FreeRTOS/Source/tasks.o
 .bss.xDelayedTaskList2
                0x0000000020000b64       0x14 Middlewares/Third_Party/FreeRTOS/Source/tasks.o
 .bss.pxDelayedTaskList
                0x0000000020000b78        0x4 Middlewares/Third_Party/FreeRTOS/Source/tasks.o
 .bss.pxOverflowDelayedTaskList
                0x0000000020000b7c        0x4 Middlewares/Third_Party/FreeRTOS/Source/tasks.o
 .bss.xPendingReadyList
                0x0000000020000b80       0x14 Middlewares/Third_Party/FreeRTOS/Source/tasks.o
 .bss.xTasksWaitingTermination
                0x0000000020000b94       0x14 Middlewares/Third_Party/FreeRTOS/Source/tasks.o
 .bss.uxDeletedTasksWaitingCleanUp
                0x0000000020000ba8        0x4 Middlewares/Third_Party/FreeRTOS/Source/tasks.o
 .bss.xSuspendedTaskList
                0x0000000020000bac       0x14 Middlewares/Third_Party/FreeRTOS/Source/tasks.o
 .bss.uxCurrentNumberOfTasks
                0x0000000020000bc0        0x4 Middlewares/Third_Party/FreeRTOS/Source/tasks.o
 .bss.xTickCount
                0x0000000020000bc4        0x4 Middlewares/Third_Party/FreeRTOS/Source/tasks.o
 .bss.uxTopReadyPriority
                0x0000000020000bc8        0x4 Middlewares/Third_Party/FreeRTOS/Source/tasks.o
 .bss.xSchedulerRunning
                0x0000000020000bcc        0x4 Middlewares/Third_Party/FreeRTOS/Source/tasks.o
 .bss.uxPendedTicks
                0x0000000020000bd0        0x4 Middlewares/Third_Party/FreeRTOS/Source/tasks.o
 .bss.xYieldPending
                0x0000000020000bd4        0x4 Middlewares/Third_Party/FreeRTOS/Source/tasks.o
 .bss.xNumOfOverflows
                0x0000000020000bd8        0x4 Middlewares/Third_Party/FreeRTOS/Source/tasks.o
 .bss.uxTaskNumber
                0x0000000020000bdc        0x4 Middlewares/Third_Party/FreeRTOS/Source/tasks.o
 .bss.xNextTaskUnblockTime
                0x0000000020000be0        0x4 Middlewares/Third_Party/FreeRTOS/Source/tasks.o
 .bss.xIdleTaskHandle
                0x0000000020000be4        0x4 Middlewares/Third_Party/FreeRTOS/Source/tasks.o
 .bss.uxSchedulerSuspended
                0x0000000020000be8        0x4 Middlewares/Third_Party/FreeRTOS/Source/tasks.o
 .bss.xActiveTimerList1
                0x0000000020000bec       0x14 Middlewares/Third_Party/FreeRTOS/Source/timers.o
 .bss.xActiveTimerList2
                0x0000000020000c00       0x14 Middlewares/Third_Party/FreeRTOS/Source/timers.o
 .bss.pxCurrentTimerList
                0x0000000020000c14        0x4 Middlewares/Third_Party/FreeRTOS/Source/timers.o
 .bss.pxOverflowTimerList
                0x0000000020000c18        0x4 Middlewares/Third_Party/FreeRTOS/Source/timers.o
 .bss.xTimerQueue
                0x0000000020000c1c        0x4 Middlewares/Third_Party/FreeRTOS/Source/timers.o
 .bss.xTimerTaskHandle
                0x0000000020000c20        0x4 Middlewares/Third_Party/FreeRTOS/Source/timers.o
 .bss.xLastTime.5452
                0x0000000020000c24        0x4 Middlewares/Third_Party/FreeRTOS/Source/timers.o
 .bss.ucStaticTimerQueueStorage.5503
                0x0000000020000c28       0xa0 Middlewares/Third_Party/FreeRTOS/Source/timers.o
 .bss.xStaticTimerQueue.5502
                0x0000000020000cc8       0x50 Middlewares/Third_Party/FreeRTOS/Source/timers.o
 .bss.ucMaxSysCallPriority
                0x0000000020000d18        0x1 Middlewares/Third_Party/FreeRTOS/Source/portable/GCC/ARM_CM3/port.o
 *fill*         0x0000000020000d19        0x3 
 .bss.ulMaxPRIGROUPValue
                0x0000000020000d1c        0x4 Middlewares/Third_Party/FreeRTOS/Source/portable/GCC/ARM_CM3/port.o
 .bss.ucHeap    0x0000000020000d20      0xc00 Middlewares/Third_Party/FreeRTOS/Source/portable/MemMang/heap_4.o
 .bss.xStart    0x0000000020001920        0x8 Middlewares/Third_Party/FreeRTOS/Source/portable/MemMang/heap_4.o
 .bss.pxEnd     0x0000000020001928        0x4 Middlewares/Third_Party/FreeRTOS/Source/portable/MemMang/heap_4.o
 .bss.xFreeBytesRemaining
                0x000000002000192c        0x4 Middlewares/Third_Party/FreeRTOS/Source/portable/MemMang/heap_4.o
 .bss.xMinimumEverFreeBytesRemaining
                0x0000000020001930        0x4 Middlewares/Third_Party/FreeRTOS/Source/portable/MemMang/heap_4.o
 .bss.xBlockAllocatedBit
                0x0000000020001934        0x4 Middlewares/Third_Party/FreeRTOS/Source/portable/MemMang/heap_4.o
 *(COMMON)
 COMMON         0x0000000020001938      0x510 Core/Src/freertos.o
                0x0000000020001938                rcHandlerTaskHandle
                0x000000002000193c                statusLedTaskHandle
                0x0000000020001940                rcHandlerTaskControlBlock
                0x000000002000199c                rcHandlerTaskBuffer
                0x0000000020001b9c                statusLedTaskBuffer
                0x0000000020001d9c                ibus_str
                0x0000000020001dec                statusLedTaskControlBlock
 COMMON         0x0000000020001e48       0x48 Core/Src/stm32f1xx_hal_timebase_tim.o
                0x0000000020001e48                htim4
 COMMON         0x0000000020001e90       0x40 Core/Src/usart.o
                0x0000000020001e90                huart1
 COMMON         0x0000000020001ed0        0x4 Drivers/STM32F1xx_HAL_Driver/Src/stm32f1xx_hal.o
                0x0000000020001ed0                uwTick
 COMMON         0x0000000020001ed4       0x40 Middlewares/Third_Party/FreeRTOS/Source/queue.o
                0x0000000020001ed4                xQueueRegistry
                0x0000000020001f14                . = ALIGN (0x4)
                0x0000000020001f14                _ebss = .
                0x0000000020001f14                __bss_end__ = _ebss

._user_heap_stack
                0x0000000020001f14      0x604 load address 0x0000000008004f20
                0x0000000020001f18                . = ALIGN (0x8)
 *fill*         0x0000000020001f14        0x4 
                [!provide]                        PROVIDE (end = .)
                0x0000000020001f18                PROVIDE (_end = .)
                0x0000000020002118                . = (. + _Min_Heap_Size)
 *fill*         0x0000000020001f18      0x200 
                0x0000000020002518                . = (. + _Min_Stack_Size)
 *fill*         0x0000000020002118      0x400 
                0x0000000020002518                . = ALIGN (0x8)

/DISCARD/
 libc.a(*)
 libm.a(*)
 libgcc.a(*)

.ARM.attributes
                0x0000000000000000       0x29
 *(.ARM.attributes)
 .ARM.attributes
                0x0000000000000000       0x1d c:/st/stm32cubeide_1.4.0/stm32cubeide/plugins/com.st.stm32cube.ide.mcu.externaltools.gnu-tools-for-stm32.7-2018-q2-update.win32_1.4.0.202007081208/tools/bin/../lib/gcc/arm-none-eabi/7.3.1/thumb/v7-m/crti.o
 .ARM.attributes
                0x000000000000001d       0x2d c:/st/stm32cubeide_1.4.0/stm32cubeide/plugins/com.st.stm32cube.ide.mcu.externaltools.gnu-tools-for-stm32.7-2018-q2-update.win32_1.4.0.202007081208/tools/bin/../lib/gcc/arm-none-eabi/7.3.1/thumb/v7-m/crtbegin.o
 .ARM.attributes
                0x000000000000004a       0x33 Core/Src/freertos.o
 .ARM.attributes
                0x000000000000007d       0x33 Core/Src/gpio.o
 .ARM.attributes
                0x00000000000000b0       0x33 Core/Src/main.o
 .ARM.attributes
                0x00000000000000e3       0x33 Core/Src/stm32f1xx_hal_msp.o
 .ARM.attributes
                0x0000000000000116       0x33 Core/Src/stm32f1xx_hal_timebase_tim.o
 .ARM.attributes
                0x0000000000000149       0x33 Core/Src/stm32f1xx_it.o
 .ARM.attributes
                0x000000000000017c       0x33 Core/Src/system_stm32f1xx.o
 .ARM.attributes
                0x00000000000001af       0x33 Core/Src/usart.o
 .ARM.attributes
                0x00000000000001e2       0x21 Core/Startup/startup_stm32f103c8tx.o
 .ARM.attributes
                0x0000000000000203       0x33 Drivers/STM32F1xx_HAL_Driver/Src/stm32f1xx_hal.o
 .ARM.attributes
                0x0000000000000236       0x33 Drivers/STM32F1xx_HAL_Driver/Src/stm32f1xx_hal_cortex.o
 .ARM.attributes
                0x0000000000000269       0x33 Drivers/STM32F1xx_HAL_Driver/Src/stm32f1xx_hal_dma.o
 .ARM.attributes
                0x000000000000029c       0x33 Drivers/STM32F1xx_HAL_Driver/Src/stm32f1xx_hal_gpio.o
 .ARM.attributes
                0x00000000000002cf       0x33 Drivers/STM32F1xx_HAL_Driver/Src/stm32f1xx_hal_rcc.o
 .ARM.attributes
                0x0000000000000302       0x33 Drivers/STM32F1xx_HAL_Driver/Src/stm32f1xx_hal_tim.o
 .ARM.attributes
                0x0000000000000335       0x33 Drivers/STM32F1xx_HAL_Driver/Src/stm32f1xx_hal_tim_ex.o
 .ARM.attributes
                0x0000000000000368       0x33 Drivers/STM32F1xx_HAL_Driver/Src/stm32f1xx_hal_uart.o
 .ARM.attributes
                0x000000000000039b       0x33 Middlewares/Third_Party/FreeRTOS/Source/CMSIS_RTOS_V2/cmsis_os2.o
 .ARM.attributes
                0x00000000000003ce       0x33 Middlewares/Third_Party/FreeRTOS/Source/list.o
 .ARM.attributes
                0x0000000000000401       0x33 Middlewares/Third_Party/FreeRTOS/Source/queue.o
 .ARM.attributes
                0x0000000000000434       0x33 Middlewares/Third_Party/FreeRTOS/Source/tasks.o
 .ARM.attributes
                0x0000000000000467       0x33 Middlewares/Third_Party/FreeRTOS/Source/timers.o
 .ARM.attributes
                0x000000000000049a       0x33 Middlewares/Third_Party/FreeRTOS/Source/portable/GCC/ARM_CM3/port.o
 .ARM.attributes
                0x00000000000004cd       0x33 Middlewares/Third_Party/FreeRTOS/Source/portable/MemMang/heap_4.o
 .ARM.attributes
                0x0000000000000500       0x2d c:/st/stm32cubeide_1.4.0/stm32cubeide/plugins/com.st.stm32cube.ide.mcu.externaltools.gnu-tools-for-stm32.7-2018-q2-update.win32_1.4.0.202007081208/tools/bin/../lib/gcc/arm-none-eabi/7.3.1/../../../../arm-none-eabi/lib/thumb/v7-m\libc_nano.a(lib_a-init.o)
 .ARM.attributes
                0x000000000000052d       0x2d c:/st/stm32cubeide_1.4.0/stm32cubeide/plugins/com.st.stm32cube.ide.mcu.externaltools.gnu-tools-for-stm32.7-2018-q2-update.win32_1.4.0.202007081208/tools/bin/../lib/gcc/arm-none-eabi/7.3.1/../../../../arm-none-eabi/lib/thumb/v7-m\libc_nano.a(lib_a-memcpy-stub.o)
 .ARM.attributes
                0x000000000000055a       0x2d c:/st/stm32cubeide_1.4.0/stm32cubeide/plugins/com.st.stm32cube.ide.mcu.externaltools.gnu-tools-for-stm32.7-2018-q2-update.win32_1.4.0.202007081208/tools/bin/../lib/gcc/arm-none-eabi/7.3.1/../../../../arm-none-eabi/lib/thumb/v7-m\libc_nano.a(lib_a-memset.o)
 .ARM.attributes
                0x0000000000000587       0x1d c:/st/stm32cubeide_1.4.0/stm32cubeide/plugins/com.st.stm32cube.ide.mcu.externaltools.gnu-tools-for-stm32.7-2018-q2-update.win32_1.4.0.202007081208/tools/bin/../lib/gcc/arm-none-eabi/7.3.1/thumb/v7-m/crtn.o
OUTPUT(MyRcCar.elf elf32-littlearm)

.debug_info     0x0000000000000000    0x17229
 .debug_info    0x0000000000000000      0xad7 Core/Src/freertos.o
 .debug_info    0x0000000000000ad7      0x35d Core/Src/gpio.o
 .debug_info    0x0000000000000e34      0xa53 Core/Src/main.o
 .debug_info    0x0000000000001887      0x2d6 Core/Src/stm32f1xx_hal_msp.o
 .debug_info    0x0000000000001b5d      0x993 Core/Src/stm32f1xx_hal_timebase_tim.o
 .debug_info    0x00000000000024f0      0x938 Core/Src/stm32f1xx_it.o
 .debug_info    0x0000000000002e28      0x29a Core/Src/system_stm32f1xx.o
 .debug_info    0x00000000000030c2      0x8f9 Core/Src/usart.o
 .debug_info    0x00000000000039bb       0x22 Core/Startup/startup_stm32f103c8tx.o
 .debug_info    0x00000000000039dd      0x714 Drivers/STM32F1xx_HAL_Driver/Src/stm32f1xx_hal.o
 .debug_info    0x00000000000040f1      0xb51 Drivers/STM32F1xx_HAL_Driver/Src/stm32f1xx_hal_cortex.o
 .debug_info    0x0000000000004c42      0x7b1 Drivers/STM32F1xx_HAL_Driver/Src/stm32f1xx_hal_dma.o
 .debug_info    0x00000000000053f3      0x69b Drivers/STM32F1xx_HAL_Driver/Src/stm32f1xx_hal_gpio.o
 .debug_info    0x0000000000005a8e      0x80f Drivers/STM32F1xx_HAL_Driver/Src/stm32f1xx_hal_rcc.o
 .debug_info    0x000000000000629d     0x27ef Drivers/STM32F1xx_HAL_Driver/Src/stm32f1xx_hal_tim.o
 .debug_info    0x0000000000008a8c     0x136f Drivers/STM32F1xx_HAL_Driver/Src/stm32f1xx_hal_tim_ex.o
 .debug_info    0x0000000000009dfb     0x121b Drivers/STM32F1xx_HAL_Driver/Src/stm32f1xx_hal_uart.o
 .debug_info    0x000000000000b016     0x403a Middlewares/Third_Party/FreeRTOS/Source/CMSIS_RTOS_V2/cmsis_os2.o
 .debug_info    0x000000000000f050      0xac5 Middlewares/Third_Party/FreeRTOS/Source/list.o
 .debug_info    0x000000000000fb15     0x22e8 Middlewares/Third_Party/FreeRTOS/Source/queue.o
 .debug_info    0x0000000000011dfd     0x294f Middlewares/Third_Party/FreeRTOS/Source/tasks.o
 .debug_info    0x000000000001474c     0x1a21 Middlewares/Third_Party/FreeRTOS/Source/timers.o
 .debug_info    0x000000000001616d      0x4d2 Middlewares/Third_Party/FreeRTOS/Source/portable/GCC/ARM_CM3/port.o
 .debug_info    0x000000000001663f      0xbea Middlewares/Third_Party/FreeRTOS/Source/portable/MemMang/heap_4.o

.debug_abbrev   0x0000000000000000     0x302c
 .debug_abbrev  0x0000000000000000      0x1aa Core/Src/freertos.o
 .debug_abbrev  0x00000000000001aa      0x134 Core/Src/gpio.o
 .debug_abbrev  0x00000000000002de      0x194 Core/Src/main.o
 .debug_abbrev  0x0000000000000472      0x109 Core/Src/stm32f1xx_hal_msp.o
 .debug_abbrev  0x000000000000057b      0x19d Core/Src/stm32f1xx_hal_timebase_tim.o
 .debug_abbrev  0x0000000000000718      0x15a Core/Src/stm32f1xx_it.o
 .debug_abbrev  0x0000000000000872      0x134 Core/Src/system_stm32f1xx.o
 .debug_abbrev  0x00000000000009a6      0x1a2 Core/Src/usart.o
 .debug_abbrev  0x0000000000000b48       0x12 Core/Startup/startup_stm32f103c8tx.o
 .debug_abbrev  0x0000000000000b5a      0x1c7 Drivers/STM32F1xx_HAL_Driver/Src/stm32f1xx_hal.o
 .debug_abbrev  0x0000000000000d21      0x2d5 Drivers/STM32F1xx_HAL_Driver/Src/stm32f1xx_hal_cortex.o
 .debug_abbrev  0x0000000000000ff6      0x1fe Drivers/STM32F1xx_HAL_Driver/Src/stm32f1xx_hal_dma.o
 .debug_abbrev  0x00000000000011f4      0x1c0 Drivers/STM32F1xx_HAL_Driver/Src/stm32f1xx_hal_gpio.o
 .debug_abbrev  0x00000000000013b4      0x243 Drivers/STM32F1xx_HAL_Driver/Src/stm32f1xx_hal_rcc.o
 .debug_abbrev  0x00000000000015f7      0x230 Drivers/STM32F1xx_HAL_Driver/Src/stm32f1xx_hal_tim.o
 .debug_abbrev  0x0000000000001827      0x236 Drivers/STM32F1xx_HAL_Driver/Src/stm32f1xx_hal_tim_ex.o
 .debug_abbrev  0x0000000000001a5d      0x242 Drivers/STM32F1xx_HAL_Driver/Src/stm32f1xx_hal_uart.o
 .debug_abbrev  0x0000000000001c9f      0x3a0 Middlewares/Third_Party/FreeRTOS/Source/CMSIS_RTOS_V2/cmsis_os2.o
 .debug_abbrev  0x000000000000203f      0x1cf Middlewares/Third_Party/FreeRTOS/Source/list.o
 .debug_abbrev  0x000000000000220e      0x354 Middlewares/Third_Party/FreeRTOS/Source/queue.o
 .debug_abbrev  0x0000000000002562      0x350 Middlewares/Third_Party/FreeRTOS/Source/tasks.o
 .debug_abbrev  0x00000000000028b2      0x2d7 Middlewares/Third_Party/FreeRTOS/Source/timers.o
 .debug_abbrev  0x0000000000002b89      0x205 Middlewares/Third_Party/FreeRTOS/Source/portable/GCC/ARM_CM3/port.o
 .debug_abbrev  0x0000000000002d8e      0x29e Middlewares/Third_Party/FreeRTOS/Source/portable/MemMang/heap_4.o

.debug_aranges  0x0000000000000000     0x1368
 .debug_aranges
                0x0000000000000000       0x38 Core/Src/freertos.o
 .debug_aranges
                0x0000000000000038       0x20 Core/Src/gpio.o
 .debug_aranges
                0x0000000000000058       0x38 Core/Src/main.o
 .debug_aranges
                0x0000000000000090       0x20 Core/Src/stm32f1xx_hal_msp.o
 .debug_aranges
                0x00000000000000b0       0x30 Core/Src/stm32f1xx_hal_timebase_tim.o
 .debug_aranges
                0x00000000000000e0       0x58 Core/Src/stm32f1xx_it.o
 .debug_aranges
                0x0000000000000138       0x28 Core/Src/system_stm32f1xx.o
 .debug_aranges
                0x0000000000000160       0x30 Core/Src/usart.o
 .debug_aranges
                0x0000000000000190       0x28 Core/Startup/startup_stm32f103c8tx.o
 .debug_aranges
                0x00000000000001b8       0xe0 Drivers/STM32F1xx_HAL_Driver/Src/stm32f1xx_hal.o
 .debug_aranges
                0x0000000000000298      0x100 Drivers/STM32F1xx_HAL_Driver/Src/stm32f1xx_hal_cortex.o
 .debug_aranges
                0x0000000000000398       0x80 Drivers/STM32F1xx_HAL_Driver/Src/stm32f1xx_hal_dma.o
 .debug_aranges
                0x0000000000000418       0x58 Drivers/STM32F1xx_HAL_Driver/Src/stm32f1xx_hal_gpio.o
 .debug_aranges
                0x0000000000000470       0x90 Drivers/STM32F1xx_HAL_Driver/Src/stm32f1xx_hal_rcc.o
 .debug_aranges
                0x0000000000000500      0x3d0 Drivers/STM32F1xx_HAL_Driver/Src/stm32f1xx_hal_tim.o
 .debug_aranges
                0x00000000000008d0      0x168 Drivers/STM32F1xx_HAL_Driver/Src/stm32f1xx_hal_tim_ex.o
 .debug_aranges
                0x0000000000000a38      0x1d0 Drivers/STM32F1xx_HAL_Driver/Src/stm32f1xx_hal_uart.o
 .debug_aranges
                0x0000000000000c08      0x228 Middlewares/Third_Party/FreeRTOS/Source/CMSIS_RTOS_V2/cmsis_os2.o
 .debug_aranges
                0x0000000000000e30       0x40 Middlewares/Third_Party/FreeRTOS/Source/list.o
 .debug_aranges
                0x0000000000000e70      0x158 Middlewares/Third_Party/FreeRTOS/Source/queue.o
 .debug_aranges
                0x0000000000000fc8      0x1f8 Middlewares/Third_Party/FreeRTOS/Source/tasks.o
 .debug_aranges
                0x00000000000011c0       0xe0 Middlewares/Third_Party/FreeRTOS/Source/timers.o
 .debug_aranges
                0x00000000000012a0       0x78 Middlewares/Third_Party/FreeRTOS/Source/portable/GCC/ARM_CM3/port.o
 .debug_aranges
                0x0000000000001318       0x50 Middlewares/Third_Party/FreeRTOS/Source/portable/MemMang/heap_4.o

.debug_ranges   0x0000000000000000     0x11f0
 .debug_ranges  0x0000000000000000       0x28 Core/Src/freertos.o
 .debug_ranges  0x0000000000000028       0x10 Core/Src/gpio.o
 .debug_ranges  0x0000000000000038       0x28 Core/Src/main.o
 .debug_ranges  0x0000000000000060       0x10 Core/Src/stm32f1xx_hal_msp.o
 .debug_ranges  0x0000000000000070       0x20 Core/Src/stm32f1xx_hal_timebase_tim.o
 .debug_ranges  0x0000000000000090       0x48 Core/Src/stm32f1xx_it.o
 .debug_ranges  0x00000000000000d8       0x18 Core/Src/system_stm32f1xx.o
 .debug_ranges  0x00000000000000f0       0x20 Core/Src/usart.o
 .debug_ranges  0x0000000000000110       0x20 Core/Startup/startup_stm32f103c8tx.o
 .debug_ranges  0x0000000000000130       0xd0 Drivers/STM32F1xx_HAL_Driver/Src/stm32f1xx_hal.o
 .debug_ranges  0x0000000000000200       0xf0 Drivers/STM32F1xx_HAL_Driver/Src/stm32f1xx_hal_cortex.o
 .debug_ranges  0x00000000000002f0       0x70 Drivers/STM32F1xx_HAL_Driver/Src/stm32f1xx_hal_dma.o
 .debug_ranges  0x0000000000000360       0x48 Drivers/STM32F1xx_HAL_Driver/Src/stm32f1xx_hal_gpio.o
 .debug_ranges  0x00000000000003a8       0x80 Drivers/STM32F1xx_HAL_Driver/Src/stm32f1xx_hal_rcc.o
 .debug_ranges  0x0000000000000428      0x3c0 Drivers/STM32F1xx_HAL_Driver/Src/stm32f1xx_hal_tim.o
 .debug_ranges  0x00000000000007e8      0x158 Drivers/STM32F1xx_HAL_Driver/Src/stm32f1xx_hal_tim_ex.o
 .debug_ranges  0x0000000000000940      0x1c0 Drivers/STM32F1xx_HAL_Driver/Src/stm32f1xx_hal_uart.o
 .debug_ranges  0x0000000000000b00      0x218 Middlewares/Third_Party/FreeRTOS/Source/CMSIS_RTOS_V2/cmsis_os2.o
 .debug_ranges  0x0000000000000d18       0x30 Middlewares/Third_Party/FreeRTOS/Source/list.o
 .debug_ranges  0x0000000000000d48      0x148 Middlewares/Third_Party/FreeRTOS/Source/queue.o
 .debug_ranges  0x0000000000000e90      0x1e8 Middlewares/Third_Party/FreeRTOS/Source/tasks.o
 .debug_ranges  0x0000000000001078       0xd0 Middlewares/Third_Party/FreeRTOS/Source/timers.o
 .debug_ranges  0x0000000000001148       0x68 Middlewares/Third_Party/FreeRTOS/Source/portable/GCC/ARM_CM3/port.o
 .debug_ranges  0x00000000000011b0       0x40 Middlewares/Third_Party/FreeRTOS/Source/portable/MemMang/heap_4.o

.debug_macro    0x0000000000000000    0x18f06
 .debug_macro   0x0000000000000000      0x24a Core/Src/freertos.o
 .debug_macro   0x000000000000024a      0xa5a Core/Src/freertos.o
 .debug_macro   0x0000000000000ca4      0x174 Core/Src/freertos.o
 .debug_macro   0x0000000000000e18       0x22 Core/Src/freertos.o
 .debug_macro   0x0000000000000e3a       0x8e Core/Src/freertos.o
 .debug_macro   0x0000000000000ec8       0x51 Core/Src/freertos.o
 .debug_macro   0x0000000000000f19       0xef Core/Src/freertos.o
 .debug_macro   0x0000000000001008       0x6a Core/Src/freertos.o
 .debug_macro   0x0000000000001072      0x1df Core/Src/freertos.o
 .debug_macro   0x0000000000001251      0x122 Core/Src/freertos.o
 .debug_macro   0x0000000000001373      0x15a Core/Src/freertos.o
 .debug_macro   0x00000000000014cd       0xc2 Core/Src/freertos.o
 .debug_macro   0x000000000000158f       0x10 Core/Src/freertos.o
 .debug_macro   0x000000000000159f       0x1f Core/Src/freertos.o
 .debug_macro   0x00000000000015be      0x47f Core/Src/freertos.o
 .debug_macro   0x0000000000001a3d       0xb5 Core/Src/freertos.o
 .debug_macro   0x0000000000001af2       0x8c Core/Src/freertos.o
 .debug_macro   0x0000000000001b7e      0x21b Core/Src/freertos.o
 .debug_macro   0x0000000000001d99       0x2e Core/Src/freertos.o
 .debug_macro   0x0000000000001dc7       0x22 Core/Src/freertos.o
 .debug_macro   0x0000000000001de9       0x1c Core/Src/freertos.o
 .debug_macro   0x0000000000001e05       0x22 Core/Src/freertos.o
 .debug_macro   0x0000000000001e27       0xc3 Core/Src/freertos.o
 .debug_macro   0x0000000000001eea      0xd23 Core/Src/freertos.o
 .debug_macro   0x0000000000002c0d     0xe097 Core/Src/freertos.o
 .debug_macro   0x0000000000010ca4       0x43 Core/Src/freertos.o
 .debug_macro   0x0000000000010ce7     0x3468 Core/Src/freertos.o
 .debug_macro   0x000000000001414f       0x5c Core/Src/freertos.o
 .debug_macro   0x00000000000141ab      0x5be Core/Src/freertos.o
 .debug_macro   0x0000000000014769      0x289 Core/Src/freertos.o
 .debug_macro   0x00000000000149f2      0x1cb Core/Src/freertos.o
 .debug_macro   0x0000000000014bbd      0x114 Core/Src/freertos.o
 .debug_macro   0x0000000000014cd1      0x1b2 Core/Src/freertos.o
 .debug_macro   0x0000000000014e83       0x27 Core/Src/freertos.o
 .debug_macro   0x0000000000014eaa      0x136 Core/Src/freertos.o
 .debug_macro   0x0000000000014fe0      0x1bc Core/Src/freertos.o
 .debug_macro   0x000000000001519c       0x34 Core/Src/freertos.o
 .debug_macro   0x00000000000151d0       0x3c Core/Src/freertos.o
 .debug_macro   0x000000000001520c       0x57 Core/Src/freertos.o
 .debug_macro   0x0000000000015263       0x88 Core/Src/freertos.o
 .debug_macro   0x00000000000152eb      0x241 Core/Src/freertos.o
 .debug_macro   0x000000000001552c      0x141 Core/Src/freertos.o
 .debug_macro   0x000000000001566d      0x8d1 Core/Src/freertos.o
 .debug_macro   0x0000000000015f3e      0x26b Core/Src/freertos.o
 .debug_macro   0x00000000000161a9       0x83 Core/Src/freertos.o
 .debug_macro   0x000000000001622c       0x10 Core/Src/freertos.o
 .debug_macro   0x000000000001623c       0x5b Core/Src/freertos.o
 .debug_macro   0x0000000000016297       0x74 Core/Src/freertos.o
 .debug_macro   0x000000000001630b       0xdd Core/Src/freertos.o
 .debug_macro   0x00000000000163e8      0x1bc Core/Src/gpio.o
 .debug_macro   0x00000000000165a4      0x23d Core/Src/main.o
 .debug_macro   0x00000000000167e1      0x122 Core/Src/main.o
 .debug_macro   0x0000000000016903      0x1b2 Core/Src/stm32f1xx_hal_msp.o
 .debug_macro   0x0000000000016ab5      0x1a3 Core/Src/stm32f1xx_hal_timebase_tim.o
 .debug_macro   0x0000000000016c58      0x1bc Core/Src/stm32f1xx_it.o
 .debug_macro   0x0000000000016e14      0x1a3 Core/Src/system_stm32f1xx.o
 .debug_macro   0x0000000000016fb7      0x1bc Core/Src/usart.o
 .debug_macro   0x0000000000017173      0x1c7 Drivers/STM32F1xx_HAL_Driver/Src/stm32f1xx_hal.o
 .debug_macro   0x000000000001733a      0x1a3 Drivers/STM32F1xx_HAL_Driver/Src/stm32f1xx_hal_cortex.o
 .debug_macro   0x00000000000174dd      0x1a3 Drivers/STM32F1xx_HAL_Driver/Src/stm32f1xx_hal_dma.o
 .debug_macro   0x0000000000017680      0x20e Drivers/STM32F1xx_HAL_Driver/Src/stm32f1xx_hal_gpio.o
 .debug_macro   0x000000000001788e      0x1b5 Drivers/STM32F1xx_HAL_Driver/Src/stm32f1xx_hal_rcc.o
 .debug_macro   0x0000000000017a43      0x1a4 Drivers/STM32F1xx_HAL_Driver/Src/stm32f1xx_hal_tim.o
 .debug_macro   0x0000000000017be7      0x1a3 Drivers/STM32F1xx_HAL_Driver/Src/stm32f1xx_hal_tim_ex.o
 .debug_macro   0x0000000000017d8a      0x1a4 Drivers/STM32F1xx_HAL_Driver/Src/stm32f1xx_hal_uart.o
 .debug_macro   0x0000000000017f2e      0x23a Middlewares/Third_Party/FreeRTOS/Source/CMSIS_RTOS_V2/cmsis_os2.o
 .debug_macro   0x0000000000018168       0x10 Middlewares/Third_Party/FreeRTOS/Source/CMSIS_RTOS_V2/cmsis_os2.o
 .debug_macro   0x0000000000018178       0x20 Middlewares/Third_Party/FreeRTOS/Source/CMSIS_RTOS_V2/cmsis_os2.o
 .debug_macro   0x0000000000018198       0x10 Middlewares/Third_Party/FreeRTOS/Source/CMSIS_RTOS_V2/cmsis_os2.o
 .debug_macro   0x00000000000181a8       0xb7 Middlewares/Third_Party/FreeRTOS/Source/CMSIS_RTOS_V2/cmsis_os2.o
 .debug_macro   0x000000000001825f       0x91 Middlewares/Third_Party/FreeRTOS/Source/CMSIS_RTOS_V2/cmsis_os2.o
 .debug_macro   0x00000000000182f0       0x8d Middlewares/Third_Party/FreeRTOS/Source/CMSIS_RTOS_V2/cmsis_os2.o
 .debug_macro   0x000000000001837d       0x9a Middlewares/Third_Party/FreeRTOS/Source/CMSIS_RTOS_V2/cmsis_os2.o
 .debug_macro   0x0000000000018417      0x17a Middlewares/Third_Party/FreeRTOS/Source/list.o
 .debug_macro   0x0000000000018591      0x205 Middlewares/Third_Party/FreeRTOS/Source/queue.o
 .debug_macro   0x0000000000018796       0x16 Middlewares/Third_Party/FreeRTOS/Source/queue.o
 .debug_macro   0x00000000000187ac      0x27a Middlewares/Third_Party/FreeRTOS/Source/tasks.o
 .debug_macro   0x0000000000018a26       0x10 Middlewares/Third_Party/FreeRTOS/Source/tasks.o
 .debug_macro   0x0000000000018a36      0x1bd Middlewares/Third_Party/FreeRTOS/Source/timers.o
 .debug_macro   0x0000000000018bf3      0x172 Middlewares/Third_Party/FreeRTOS/Source/portable/GCC/ARM_CM3/port.o
 .debug_macro   0x0000000000018d65      0x1a1 Middlewares/Third_Party/FreeRTOS/Source/portable/MemMang/heap_4.o

.debug_line     0x0000000000000000    0x109f4
 .debug_line    0x0000000000000000      0x846 Core/Src/freertos.o
 .debug_line    0x0000000000000846      0x67b Core/Src/gpio.o
 .debug_line    0x0000000000000ec1      0x813 Core/Src/main.o
 .debug_line    0x00000000000016d4      0x678 Core/Src/stm32f1xx_hal_msp.o
 .debug_line    0x0000000000001d4c      0x6ab Core/Src/stm32f1xx_hal_timebase_tim.o
 .debug_line    0x00000000000023f7      0x70b Core/Src/stm32f1xx_it.o
 .debug_line    0x0000000000002b02      0x69f Core/Src/system_stm32f1xx.o
 .debug_line    0x00000000000031a1      0x6b0 Core/Src/usart.o
 .debug_line    0x0000000000003851       0x84 Core/Startup/startup_stm32f103c8tx.o
 .debug_line    0x00000000000038d5      0x852 Drivers/STM32F1xx_HAL_Driver/Src/stm32f1xx_hal.o
 .debug_line    0x0000000000004127      0x929 Drivers/STM32F1xx_HAL_Driver/Src/stm32f1xx_hal_cortex.o
 .debug_line    0x0000000000004a50      0xab7 Drivers/STM32F1xx_HAL_Driver/Src/stm32f1xx_hal_dma.o
 .debug_line    0x0000000000005507      0x84e Drivers/STM32F1xx_HAL_Driver/Src/stm32f1xx_hal_gpio.o
 .debug_line    0x0000000000005d55      0x912 Drivers/STM32F1xx_HAL_Driver/Src/stm32f1xx_hal_rcc.o
 .debug_line    0x0000000000006667     0x1fab Drivers/STM32F1xx_HAL_Driver/Src/stm32f1xx_hal_tim.o
 .debug_line    0x0000000000008612     0x12b9 Drivers/STM32F1xx_HAL_Driver/Src/stm32f1xx_hal_tim_ex.o
 .debug_line    0x00000000000098cb      0xf90 Drivers/STM32F1xx_HAL_Driver/Src/stm32f1xx_hal_uart.o
 .debug_line    0x000000000000a85b     0x1e26 Middlewares/Third_Party/FreeRTOS/Source/CMSIS_RTOS_V2/cmsis_os2.o
 .debug_line    0x000000000000c681      0x66b Middlewares/Third_Party/FreeRTOS/Source/list.o
 .debug_line    0x000000000000ccec     0x10f6 Middlewares/Third_Party/FreeRTOS/Source/queue.o
 .debug_line    0x000000000000dde2     0x1442 Middlewares/Third_Party/FreeRTOS/Source/tasks.o
 .debug_line    0x000000000000f224      0xa22 Middlewares/Third_Party/FreeRTOS/Source/timers.o
 .debug_line    0x000000000000fc46      0x65d Middlewares/Third_Party/FreeRTOS/Source/portable/GCC/ARM_CM3/port.o
 .debug_line    0x00000000000102a3      0x751 Middlewares/Third_Party/FreeRTOS/Source/portable/MemMang/heap_4.o

.debug_str      0x0000000000000000    0x92bf0
 .debug_str     0x0000000000000000    0x878c9 Core/Src/freertos.o
                                      0x87c97 (size before relaxing)
 .debug_str     0x00000000000878c9       0xb8 Core/Src/gpio.o
                                      0x82f31 (size before relaxing)
 .debug_str     0x0000000000087981      0x415 Core/Src/main.o
                                      0x86d47 (size before relaxing)
 .debug_str     0x0000000000087d96       0x5a Core/Src/stm32f1xx_hal_msp.o
                                      0x82ee9 (size before relaxing)
 .debug_str     0x0000000000087df0      0x30e Core/Src/stm32f1xx_hal_timebase_tim.o
                                      0x836fe (size before relaxing)
 .debug_str     0x00000000000880fe       0xb4 Core/Src/stm32f1xx_it.o
                                      0x83582 (size before relaxing)
 .debug_str     0x00000000000881b2       0x52 Core/Src/system_stm32f1xx.o
                                      0x82ea0 (size before relaxing)
 .debug_str     0x0000000000088204       0x57 Core/Src/usart.o
                                      0x835d1 (size before relaxing)
 .debug_str     0x000000000008825b       0x36 Core/Startup/startup_stm32f103c8tx.o
                                         0x55 (size before relaxing)
 .debug_str     0x0000000000088291      0x2b9 Drivers/STM32F1xx_HAL_Driver/Src/stm32f1xx_hal.o
                                      0x83531 (size before relaxing)
 .debug_str     0x000000000008854a      0x2f7 Drivers/STM32F1xx_HAL_Driver/Src/stm32f1xx_hal_cortex.o
                                      0x83539 (size before relaxing)
 .debug_str     0x0000000000088841      0x235 Drivers/STM32F1xx_HAL_Driver/Src/stm32f1xx_hal_dma.o
                                      0x8327b (size before relaxing)
 .debug_str     0x0000000000088a76      0x31f Drivers/STM32F1xx_HAL_Driver/Src/stm32f1xx_hal_gpio.o
                                      0x83264 (size before relaxing)
 .debug_str     0x0000000000088d95      0x245 Drivers/STM32F1xx_HAL_Driver/Src/stm32f1xx_hal_rcc.o
                                      0x8329d (size before relaxing)
 .debug_str     0x0000000000088fda      0xe42 Drivers/STM32F1xx_HAL_Driver/Src/stm32f1xx_hal_tim.o
                                      0x8426f (size before relaxing)
 .debug_str     0x0000000000089e1c      0x561 Drivers/STM32F1xx_HAL_Driver/Src/stm32f1xx_hal_tim_ex.o
                                      0x83a49 (size before relaxing)
 .debug_str     0x000000000008a37d      0x515 Drivers/STM32F1xx_HAL_Driver/Src/stm32f1xx_hal_uart.o
                                      0x837a3 (size before relaxing)
 .debug_str     0x000000000008a892     0x5684 Middlewares/Third_Party/FreeRTOS/Source/CMSIS_RTOS_V2/cmsis_os2.o
                                       0xdd54 (size before relaxing)
 .debug_str     0x000000000008ff16      0x225 Middlewares/Third_Party/FreeRTOS/Source/list.o
                                       0xa3b1 (size before relaxing)
 .debug_str     0x000000000009013b      0x8fd Middlewares/Third_Party/FreeRTOS/Source/queue.o
                                       0xbbd7 (size before relaxing)
 .debug_str     0x0000000000090a38     0x12f3 Middlewares/Third_Party/FreeRTOS/Source/tasks.o
                                       0xc7ed (size before relaxing)
 .debug_str     0x0000000000091d2b      0x586 Middlewares/Third_Party/FreeRTOS/Source/timers.o
                                       0xc0f9 (size before relaxing)
 .debug_str     0x00000000000922b1      0x6ee Middlewares/Third_Party/FreeRTOS/Source/portable/GCC/ARM_CM3/port.o
                                       0x7f95 (size before relaxing)
 .debug_str     0x000000000009299f      0x251 Middlewares/Third_Party/FreeRTOS/Source/portable/MemMang/heap_4.o
                                       0xaad4 (size before relaxing)

.comment        0x0000000000000000       0x7b
 .comment       0x0000000000000000       0x7b Core/Src/freertos.o
                                         0x7c (size before relaxing)
 .comment       0x000000000000007b       0x7c Core/Src/gpio.o
 .comment       0x000000000000007b       0x7c Core/Src/main.o
 .comment       0x000000000000007b       0x7c Core/Src/stm32f1xx_hal_msp.o
 .comment       0x000000000000007b       0x7c Core/Src/stm32f1xx_hal_timebase_tim.o
 .comment       0x000000000000007b       0x7c Core/Src/stm32f1xx_it.o
 .comment       0x000000000000007b       0x7c Core/Src/system_stm32f1xx.o
 .comment       0x000000000000007b       0x7c Core/Src/usart.o
 .comment       0x000000000000007b       0x7c Drivers/STM32F1xx_HAL_Driver/Src/stm32f1xx_hal.o
 .comment       0x000000000000007b       0x7c Drivers/STM32F1xx_HAL_Driver/Src/stm32f1xx_hal_cortex.o
 .comment       0x000000000000007b       0x7c Drivers/STM32F1xx_HAL_Driver/Src/stm32f1xx_hal_dma.o
 .comment       0x000000000000007b       0x7c Drivers/STM32F1xx_HAL_Driver/Src/stm32f1xx_hal_gpio.o
 .comment       0x000000000000007b       0x7c Drivers/STM32F1xx_HAL_Driver/Src/stm32f1xx_hal_rcc.o
 .comment       0x000000000000007b       0x7c Drivers/STM32F1xx_HAL_Driver/Src/stm32f1xx_hal_tim.o
 .comment       0x000000000000007b       0x7c Drivers/STM32F1xx_HAL_Driver/Src/stm32f1xx_hal_tim_ex.o
 .comment       0x000000000000007b       0x7c Drivers/STM32F1xx_HAL_Driver/Src/stm32f1xx_hal_uart.o
 .comment       0x000000000000007b       0x7c Middlewares/Third_Party/FreeRTOS/Source/CMSIS_RTOS_V2/cmsis_os2.o
 .comment       0x000000000000007b       0x7c Middlewares/Third_Party/FreeRTOS/Source/list.o
 .comment       0x000000000000007b       0x7c Middlewares/Third_Party/FreeRTOS/Source/queue.o
 .comment       0x000000000000007b       0x7c Middlewares/Third_Party/FreeRTOS/Source/tasks.o
 .comment       0x000000000000007b       0x7c Middlewares/Third_Party/FreeRTOS/Source/timers.o
 .comment       0x000000000000007b       0x7c Middlewares/Third_Party/FreeRTOS/Source/portable/GCC/ARM_CM3/port.o
 .comment       0x000000000000007b       0x7c Middlewares/Third_Party/FreeRTOS/Source/portable/MemMang/heap_4.o

.debug_frame    0x0000000000000000     0x505c
 .debug_frame   0x0000000000000000       0x90 Core/Src/freertos.o
 .debug_frame   0x0000000000000090       0x34 Core/Src/gpio.o
 .debug_frame   0x00000000000000c4       0x94 Core/Src/main.o
 .debug_frame   0x0000000000000158       0x38 Core/Src/stm32f1xx_hal_msp.o
 .debug_frame   0x0000000000000190       0x74 Core/Src/stm32f1xx_hal_timebase_tim.o
 .debug_frame   0x0000000000000204       0xe8 Core/Src/stm32f1xx_it.o
 .debug_frame   0x00000000000002ec       0x58 Core/Src/system_stm32f1xx.o
 .debug_frame   0x0000000000000344       0x74 Core/Src/usart.o
 .debug_frame   0x00000000000003b8      0x334 Drivers/STM32F1xx_HAL_Driver/Src/stm32f1xx_hal.o
 .debug_frame   0x00000000000006ec      0x428 Drivers/STM32F1xx_HAL_Driver/Src/stm32f1xx_hal_cortex.o
 .debug_frame   0x0000000000000b14      0x208 Drivers/STM32F1xx_HAL_Driver/Src/stm32f1xx_hal_dma.o
 .debug_frame   0x0000000000000d1c      0x14c Drivers/STM32F1xx_HAL_Driver/Src/stm32f1xx_hal_gpio.o
 .debug_frame   0x0000000000000e68      0x21c Drivers/STM32F1xx_HAL_Driver/Src/stm32f1xx_hal_rcc.o
 .debug_frame   0x0000000000001084     0x11b8 Drivers/STM32F1xx_HAL_Driver/Src/stm32f1xx_hal_tim.o
 .debug_frame   0x000000000000223c      0x638 Drivers/STM32F1xx_HAL_Driver/Src/stm32f1xx_hal_tim_ex.o
 .debug_frame   0x0000000000002874      0x834 Drivers/STM32F1xx_HAL_Driver/Src/stm32f1xx_hal_uart.o
 .debug_frame   0x00000000000030a8      0x980 Middlewares/Third_Party/FreeRTOS/Source/CMSIS_RTOS_V2/cmsis_os2.o
 .debug_frame   0x0000000000003a28       0xd8 Middlewares/Third_Party/FreeRTOS/Source/list.o
 .debug_frame   0x0000000000003b00      0x5ec Middlewares/Third_Party/FreeRTOS/Source/queue.o
 .debug_frame   0x00000000000040ec      0x8a8 Middlewares/Third_Party/FreeRTOS/Source/tasks.o
 .debug_frame   0x0000000000004994      0x3b4 Middlewares/Third_Party/FreeRTOS/Source/timers.o
 .debug_frame   0x0000000000004d48      0x198 Middlewares/Third_Party/FreeRTOS/Source/portable/GCC/ARM_CM3/port.o
 .debug_frame   0x0000000000004ee0      0x108 Middlewares/Third_Party/FreeRTOS/Source/portable/MemMang/heap_4.o
 .debug_frame   0x0000000000004fe8       0x2c c:/st/stm32cubeide_1.4.0/stm32cubeide/plugins/com.st.stm32cube.ide.mcu.externaltools.gnu-tools-for-stm32.7-2018-q2-update.win32_1.4.0.202007081208/tools/bin/../lib/gcc/arm-none-eabi/7.3.1/../../../../arm-none-eabi/lib/thumb/v7-m\libc_nano.a(lib_a-init.o)
 .debug_frame   0x0000000000005014       0x28 c:/st/stm32cubeide_1.4.0/stm32cubeide/plugins/com.st.stm32cube.ide.mcu.externaltools.gnu-tools-for-stm32.7-2018-q2-update.win32_1.4.0.202007081208/tools/bin/../lib/gcc/arm-none-eabi/7.3.1/../../../../arm-none-eabi/lib/thumb/v7-m\libc_nano.a(lib_a-memcpy-stub.o)
 .debug_frame   0x000000000000503c       0x20 c:/st/stm32cubeide_1.4.0/stm32cubeide/plugins/com.st.stm32cube.ide.mcu.externaltools.gnu-tools-for-stm32.7-2018-q2-update.win32_1.4.0.202007081208/tools/bin/../lib/gcc/arm-none-eabi/7.3.1/../../../../arm-none-eabi/lib/thumb/v7-m\libc_nano.a(lib_a-memset.o)
